Component: ARM Compiler 5.06 update 4 (build 422) Tool: armlink [4d35d2]

==============================================================================

Section Cross References

    startup_stm32f427xx.o(RESET) refers to startup_stm32f427xx.o(STACK) for __initial_sp
    startup_stm32f427xx.o(RESET) refers to startup_stm32f427xx.o(.text) for Reset_Handler
    startup_stm32f427xx.o(RESET) refers to stm32f4xx_it.o(i.NMI_Handler) for NMI_Handler
    startup_stm32f427xx.o(RESET) refers to stm32f4xx_it.o(i.HardFault_Handler) for HardFault_Handler
    startup_stm32f427xx.o(RESET) refers to stm32f4xx_it.o(i.MemManage_Handler) for MemManage_Handler
    startup_stm32f427xx.o(RESET) refers to stm32f4xx_it.o(i.BusFault_Handler) for BusFault_Handler
    startup_stm32f427xx.o(RESET) refers to stm32f4xx_it.o(i.UsageFault_Handler) for UsageFault_Handler
    startup_stm32f427xx.o(RESET) refers to stm32f4xx_it.o(i.SVC_Handler) for SVC_Handler
    startup_stm32f427xx.o(RESET) refers to stm32f4xx_it.o(i.DebugMon_Handler) for DebugMon_Handler
    startup_stm32f427xx.o(RESET) refers to stm32f4xx_it.o(i.PendSV_Handler) for PendSV_Handler
    startup_stm32f427xx.o(RESET) refers to stm32f4xx_it.o(i.SysTick_Handler) for SysTick_Handler
    startup_stm32f427xx.o(RESET) refers to stm32f4xx_it.o(i.TIM3_IRQHandler) for TIM3_IRQHandler
    startup_stm32f427xx.o(RESET) refers to stm32f4xx_it.o(i.TIM4_IRQHandler) for TIM4_IRQHandler
    startup_stm32f427xx.o(RESET) refers to stm32f4xx_it.o(i.USART1_IRQHandler) for USART1_IRQHandler
    startup_stm32f427xx.o(.text) refers to system_stm32f4xx.o(i.SystemInit) for SystemInit
    startup_stm32f427xx.o(.text) refers to entry.o(.ARM.Collect$$$$00000000) for __main
    grbl_main.o(i.grbl_main) refers to serial.o(i.serial_init) for serial_init
    grbl_main.o(i.grbl_main) refers to settings.o(i.settings_init) for settings_init
    grbl_main.o(i.grbl_main) refers to stepper.o(i.stepper_init) for stepper_init
    grbl_main.o(i.grbl_main) refers to system.o(i.system_init) for system_init
    grbl_main.o(i.grbl_main) refers to memseta.o(.text) for __aeabi_memclr4
    grbl_main.o(i.grbl_main) refers to serial.o(i.serial_reset_read_buffer) for serial_reset_read_buffer
    grbl_main.o(i.grbl_main) refers to gcode.o(i.gc_init) for gc_init
    grbl_main.o(i.grbl_main) refers to spindle_control.o(i.spindle_init) for spindle_init
    grbl_main.o(i.grbl_main) refers to coolant_control.o(i.coolant_init) for coolant_init
    grbl_main.o(i.grbl_main) refers to limits.o(i.limits_init) for limits_init
    grbl_main.o(i.grbl_main) refers to probe.o(i.probe_init) for probe_init
    grbl_main.o(i.grbl_main) refers to planner.o(i.plan_reset) for plan_reset
    grbl_main.o(i.grbl_main) refers to stepper.o(i.st_reset) for st_reset
    grbl_main.o(i.grbl_main) refers to planner.o(i.plan_sync_position) for plan_sync_position
    grbl_main.o(i.grbl_main) refers to gcode.o(i.gc_sync_position) for gc_sync_position
    grbl_main.o(i.grbl_main) refers to report.o(i.report_init_message) for report_init_message
    grbl_main.o(i.grbl_main) refers to protocol.o(i.protocol_main_loop) for protocol_main_loop
    grbl_main.o(i.grbl_main) refers to grbl_main.o(.bss) for sys_position
    grbl_main.o(i.grbl_main) refers to settings.o(.bss) for settings
    grbl_main.o(i.grbl_main) refers to grbl_main.o(.data) for sys_probe_state
    coolant_control.o(i.coolant_init) refers to coolant_control.o(i.coolant_stop) for coolant_stop
    coolant_control.o(i.coolant_set_state) refers to grbl_main.o(.bss) for sys
    coolant_control.o(i.coolant_sync) refers to protocol.o(i.protocol_buffer_synchronize) for protocol_buffer_synchronize
    coolant_control.o(i.coolant_sync) refers to coolant_control.o(i.coolant_set_state) for coolant_set_state
    coolant_control.o(i.coolant_sync) refers to grbl_main.o(.bss) for sys
    eeprom.o(i.memcpy_from_eeprom_with_checksum) refers to eeprom.o(i.eeprom_get_char) for eeprom_get_char
    eeprom.o(i.memcpy_to_eeprom_with_checksum) refers to eeprom.o(i.eeprom_put_char) for eeprom_put_char
    gcode.o(i.gc_execute_line) refers to memseta.o(.text) for __aeabi_memclr4
    gcode.o(i.gc_execute_line) refers to nuts_bolts.o(i.read_float) for read_float
    gcode.o(i.gc_execute_line) refers to f2d.o(.text) for __aeabi_f2d
    gcode.o(i.gc_execute_line) refers to trunc.o(i.__hardfp_trunc) for __hardfp_trunc
    gcode.o(i.gc_execute_line) refers to dfixui.o(.text) for __aeabi_d2uiz
    gcode.o(i.gc_execute_line) refers to round.o(i.__hardfp_round) for __hardfp_round
    gcode.o(i.gc_execute_line) refers to gcode.o(.bss) for gc_block
    gcode.o(i.gc_execute_line) refers to dfixi.o(.text) for __aeabi_d2iz
    gcode.o(i.gc_execute_line) refers to settings.o(i.settings_read_coord_data) for settings_read_coord_data
    gcode.o(i.gc_execute_line) refers to memcmp.o(.text) for memcmp
    gcode.o(i.gc_execute_line) refers to nuts_bolts.o(i.hypot_f) for hypot_f
[...]
    i.report_build_info                      0x080074a4   Section        0  report.o(i.report_build_info)
    i.report_execute_startup_message         0x08007500   Section        0  report.o(i.report_execute_startup_message)
    i.report_feedback_message                0x08007520   Section        0  report.o(i.report_feedback_message)
    i.report_gcode_modes                     0x08007650   Section        0  report.o(i.report_gcode_modes)
    i.report_grbl_help                       0x080077a4   Section        0  report.o(i.report_grbl_help)
    i.report_grbl_settings                   0x080077b4   Section        0  report.o(i.report_grbl_settings)
    i.report_init_message                    0x080079c8   Section        0  report.o(i.report_init_message)
    i.report_ngc_parameters                  0x080079f4   Section        0  report.o(i.report_ngc_parameters)
    i.report_probe_parameters                0x08007aa4   Section        0  report.o(i.report_probe_parameters)
    i.report_realtime_status                 0x08007ae0   Section        0  report.o(i.report_realtime_status)
    i.report_startup_line                    0x08007edc   Section        0  report.o(i.report_startup_line)
    i.report_status_message                  0x08007f04   Section        0  report.o(i.report_status_message)
    i.report_util_axis_values                0x08007f38   Section        0  report.o(i.report_util_axis_values)
    report_util_axis_values                  0x08007f39   Thumb Code    44  report.o(i.report_util_axis_values)
    i.report_util_feedback_line_feed         0x08007f64   Section        0  report.o(i.report_util_feedback_line_feed)
    report_util_feedback_line_feed           0x08007f65   Thumb Code    14  report.o(i.report_util_feedback_line_feed)
    i.report_util_float_setting              0x08007f72   Section        0  report.o(i.report_util_float_setting)
    report_util_float_setting                0x08007f73   Thumb Code    40  report.o(i.report_util_float_setting)
    i.report_util_gcode_modes_G              0x08007f9c   Section        0  report.o(i.report_util_gcode_modes_G)
    report_util_gcode_modes_G                0x08007f9d   Thumb Code    10  report.o(i.report_util_gcode_modes_G)
    i.report_util_gcode_modes_M              0x08007fac   Section        0  report.o(i.report_util_gcode_modes_M)
    report_util_gcode_modes_M                0x08007fad   Thumb Code    10  report.o(i.report_util_gcode_modes_M)
    i.report_util_line_feed                  0x08007fbc   Section        0  report.o(i.report_util_line_feed)
    report_util_line_feed                    0x08007fbd   Thumb Code    10  report.o(i.report_util_line_feed)
    i.report_util_setting_prefix             0x08007fcc   Section        0  report.o(i.report_util_setting_prefix)
    i.report_util_uint8_setting              0x08007fe4   Section        0  report.o(i.report_util_uint8_setting)
    report_util_uint8_setting                0x08007fe5   Thumb Code    24  report.o(i.report_util_uint8_setting)
    i.serial_get_rx_buffer_available         0x08007ffc   Section        0  serial.o(i.serial_get_rx_buffer_available)
    i.serial_init                            0x0800802c   Section        0  serial.o(i.serial_init)
    i.serial_read                            0x08008044   Section        0  serial.o(i.serial_read)
    i.serial_reset_read_buffer               0x08008078   Section        0  serial.o(i.serial_reset_read_buffer)
    i.serial_write                           0x0800808c   Section        0  serial.o(i.serial_write)
    i.settings_init                          0x080080e8   Section        0  settings.o(i.settings_init)
    i.settings_read_build_info               0x08008102   Section        0  settings.o(i.settings_read_build_info)
    i.settings_read_coord_data               0x08008126   Section        0  settings.o(i.settings_read_coord_data)
    i.settings_read_startup_line             0x0800815c   Section        0  settings.o(i.settings_read_startup_line)
    i.settings_restore                       0x08008190   Section        0  settings.o(i.settings_restore)
    i.settings_store_build_info              0x08008220   Section        0  settings.o(i.settings_store_build_info)
    i.settings_store_global_setting          0x08008234   Section        0  settings.o(i.settings_store_global_setting)
    i.settings_store_startup_line            0x08008534   Section        0  settings.o(i.settings_store_startup_line)
    i.settings_write_coord_data              0x08008556   Section        0  settings.o(i.settings_write_coord_data)
    i.spindle_compute_pwm_value              0x08008578   Section        0  spindle_control.o(i.spindle_compute_pwm_value)
    i.spindle_get_state                      0x08008684   Section        0  spindle_control.o(i.spindle_get_state)
    i.spindle_init                           0x08008688   Section        0  spindle_control.o(i.spindle_init)
    i.spindle_set_speed                      0x08008690   Section        0  spindle_control.o(i.spindle_set_speed)
    i.spindle_set_state                      0x08008694   Section        0  spindle_control.o(i.spindle_set_state)
    i.spindle_stop                           0x080086a0   Section        0  spindle_control.o(i.spindle_stop)
    i.spindle_sync                           0x080086a4   Section        0  spindle_control.o(i.spindle_sync)
    i.st_generate_step_dir_invert_masks      0x080086d4   Section        0  stepper.o(i.st_generate_step_dir_invert_masks)
    i.st_get_realtime_rate                   0x08008738   Section        0  stepper.o(i.st_get_realtime_rate)
    i.st_go_idle                             0x0800875c   Section        0  stepper.o(i.st_go_idle)
    i.st_next_block_index                    0x08008808   Section        0  stepper.o(i.st_next_block_index)
    st_next_block_index                      0x08008809   Thumb Code    18  stepper.o(i.st_next_block_index)
    i.st_prep_buffer                         0x0800881c   Section        0  stepper.o(i.st_prep_buffer)
    i.st_reset                               0x080091ec   Section        0  stepper.o(i.st_reset)
    i.st_update_plan_block_parameters        0x080092c4   Section        0  stepper.o(i.st_update_plan_block_parameters)
    i.st_wake_up                             0x080092f8   Section        0  stepper.o(i.st_wake_up)
    i.stepper_init                           0x08009378   Section        0  stepper.o(i.stepper_init)
    i.system_check_safety_door_ajar          0x0800937a   Section        0  system.o(i.system_check_safety_door_ajar)
    i.system_check_travel_limits             0x08009380   Section        0  system.o(i.system_check_travel_limits)
    i.system_clear_exec_accessory_overrides  0x080093c8   Section        0  system.o(i.system_clear_exec_accessory_overrides)
    i.system_clear_exec_alarm                0x080093d8   Section        0  system.o(i.system_clear_exec_alarm)
    i.system_clear_exec_motion_overrides     0x080093e8   Section        0  system.o(i.system_clear_exec_motion_overrides)
    i.system_clear_exec_state_flag           0x080093f8   Section        0  system.o(i.system_clear_exec_state_flag)
    i.system_control_get_state               0x0800940c   Section        0  system.o(i.system_control_get_state)
    i.system_convert_array_steps_to_mpos     0x08009410   Section        0  system.o(i.system_convert_array_steps_to_mpos)
    i.system_convert_axis_steps_to_mpos      0x08009434   Section        0  system.o(i.system_convert_axis_steps_to_mpos)
    i.system_execute_line                    0x08009458   Section        0  system.o(i.system_execute_line)
    i.system_execute_startup                 0x080097d4   Section        0  system.o(i.system_execute_startup)
    i.system_flag_wco_change                 0x08009814   Section        0  system.o(i.system_flag_wco_change)
    i.system_init                            0x08009828   Section        0  system.o(i.system_init)
    i.system_set_exec_accessory_override_flag 0x0800982c   Section        0  system.o(i.system_set_exec_accessory_override_flag)
    i.system_set_exec_alarm                  0x08009840   Section        0  system.o(i.system_set_exec_alarm)
    i.system_set_exec_motion_override_flag   0x08009850   Section        0  system.o(i.system_set_exec_motion_override_flag)
    i.system_set_exec_state_flag             0x08009864   Section        0  system.o(i.system_set_exec_state_flag)
    i.write_global_settings                  0x08009878   Section        0  settings.o(i.write_global_settings)
    .constdata                               0x08009894   Section       92  settings.o(.constdata)
    .constdata                               0x080098f0   Section       24  system_stm32f4xx.o(.constdata)
    .constdata                               0x08009908   Section      152  atan.o(.constdata)
    atanhi                                   0x08009908   Data          32  atan.o(.constdata)
    atanlo                                   0x08009928   Data          32  atan.o(.constdata)
    aTodd                                    0x08009948   Data          40  atan.o(.constdata)
    aTeven                                   0x08009970   Data          48  atan.o(.constdata)
    .constdata                               0x080099a0   Section       48  cos_i.o(.constdata)
    C                                        0x080099a0   Data          48  cos_i.o(.constdata)
    .constdata                               0x080099d0   Section        8  qnan.o(.constdata)
    .constdata                               0x080099d8   Section      200  rred.o(.constdata)
    pio2s                                    0x080099d8   Data          48  rred.o(.constdata)
    twooverpi                                0x08009a08   Data         152  rred.o(.constdata)
    .constdata                               0x08009aa0   Section       40  sin_i.o(.constdata)
    S                                        0x08009aa0   Data          40  sin_i.o(.constdata)
    .conststring                             0x08009ac8   Section       74  report.o(.conststring)
    .data                                    0x20000000   Section        5  grbl_main.o(.data)
    .data                                    0x20000005   Section        4  planner.o(.data)
    block_buffer_tail                        0x20000005   Data           1  planner.o(.data)
    block_buffer_head                        0x20000006   Data           1  planner.o(.data)
    next_buffer_head                         0x20000007   Data           1  planner.o(.data)
    block_buffer_planned                     0x20000008   Data           1  planner.o(.data)
    .data                                    0x20000009   Section        1  probe.o(.data)
    .data                                    0x2000000a   Section        4  serial.o(.data)
    .data                                    0x20000010   Section        4  spindle_control.o(.data)
    pwm_gradient                             0x20000010   Data           4  spindle_control.o(.data)
    .data                                    0x20000014   Section       16  stepper.o(.data)
    segment_buffer_tail                      0x20000014   Data           1  stepper.o(.data)
    segment_buffer_head                      0x20000015   Data           1  stepper.o(.data)
    segment_next_head                        0x20000016   Data           1  stepper.o(.data)
    step_port_invert_mask                    0x20000017   Data           1  stepper.o(.data)
    dir_port_invert_mask                     0x20000018   Data           1  stepper.o(.data)
    busy                                     0x20000019   Data           1  stepper.o(.data)
    pl_block                                 0x2000001c   Data           4  stepper.o(.data)
    st_prep_block                            0x20000020   Data           4  stepper.o(.data)
    .data                                    0x20000024   Section        4  delay.o(.data)
    fac_us                                   0x20000024   Data           4  delay.o(.data)
    .data                                    0x20000028   Section        4  system_stm32f4xx.o(.data)
    .data                                    0x2000002c   Section        9  stm32f4xx_hal.o(.data)
    .data                                    0x20000038   Section        4  errno.o(.data)
    _errno                                   0x20000038   Data           4  errno.o(.data)
    .bss                                     0x2000003c   Section       44  grbl_main.o(.bss)
    .bss                                     0x20000068   Section      132  gcode.o(.bss)
    .bss                                     0x200000ec   Section      860  planner.o(.bss)
    block_buffer                             0x200000ec   Data         832  planner.o(.bss)
    pl                                       0x2000042c   Data          28  planner.o(.bss)
    .bss                                     0x20000448   Section       80  protocol.o(.bss)
    line                                     0x20000448   Data          80  protocol.o(.bss)
    .bss                                     0x20000498   Section      234  serial.o(.bss)
    .bss                                     0x20000584   Section       92  settings.o(.bss)
    .bss                                     0x200005e0   Section      244  stepper.o(.bss)
    st_block_buffer                          0x200005e0   Data         100  stepper.o(.bss)
    segment_buffer                           0x20000644   Data          48  stepper.o(.bss)
    st                                       0x20000674   Data          40  stepper.o(.bss)
    prep                                     0x2000069c   Data          56  stepper.o(.bss)
    .bss                                     0x200006d4   Section       64  usart.o(.bss)
    .bss                                     0x20000714   Section      120  tim.o(.bss)
    STACK                                    0x20000790   Section     1024  startup_stm32f427xx.o(STACK)

    Global Symbols

    Symbol Name                              Value     Ov Type        Size  Object(Section)

    BuildAttributes$$THM_ISAv4$E$P$D$K$B$S$7EM$VFPi3$EXTD16$VFPS$VFMA$PE$A:L22UL41UL21$X:L11$S22US41US21$IEEE1$IW$USESV6$~STKCKD$USESV7$~SHL$OTIME$ROPI$IEEEX$EBA8$MICROLIB$REQ8$PRES8$EABIv2 0x00000000   Number         0  anon$$obj.o ABSOLUTE
    __ARM_use_no_argv                        0x00000000   Number         0  main.o ABSOLUTE
    __cpp_initialize__aeabi_                  - Undefined Weak Reference
    __cxa_finalize                            - Undefined Weak Reference
    __decompress                              - Undefined Weak Reference
    _clock_init                               - Undefined Weak Reference
    _microlib_exit                            - Undefined Weak Reference
    __Vectors_Size                           0x000001ac   Number         0  startup_stm32f427xx.o ABSOLUTE
    __Vectors                                0x08000000   Data           4  startup_stm32f427xx.o(RESET)
    __Vectors_End                            0x080001ac   Data           0  startup_stm32f427xx.o(RESET)
    __main                                   0x080001ad   Thumb Code     0  entry.o(.ARM.Collect$$$$00000000)
    _main_stk                                0x080001ad   Thumb Code     0  entry2.o(.ARM.Collect$$$$00000001)
    _main_scatterload                        0x080001b1   Thumb Code     0  entry5.o(.ARM.Collect$$$$00000004)
    __main_after_scatterload                 0x080001b5   Thumb Code     0  entry5.o(.ARM.Collect$$$$00000004)
    _main_clock                              0x080001b5   Thumb Code     0  entry7b.o(.ARM.Collect$$$$00000008)
    _main_cpp_init                           0x080001b5   Thumb Code     0  entry8b.o(.ARM.Collect$$$$0000000A)
    _main_init                               0x080001b5   Thumb Code     0  entry9a.o(.ARM.Collect$$$$0000000B)
    __rt_final_cpp                           0x080001bd   Thumb Code     0  entry10a.o(.ARM.Collect$$$$0000000D)
    __rt_final_exit                          0x080001bd   Thumb Code     0  entry11a.o(.ARM.Collect$$$$0000000F)
    Reset_Handler                            0x080001c1   Thumb Code     8  startup_stm32f427xx.o(.text)
    ADC_IRQHandler                           0x080001db   Thumb Code     0  startup_stm32f427xx.o(.text)
    CAN1_RX0_IRQHandler                      0x080001db   Thumb Code     0  startup_stm32f427xx.o(.text)
    CAN1_RX1_IRQHandler                      0x080001db   Thumb Code     0  startup_stm32f427xx.o(.text)
    CAN1_SCE_IRQHandler                      0x080001db   Thumb Code     0  startup_stm32f427xx.o(.text)
    CAN1_TX_IRQHandler                       0x080001db   Thumb Code     0  startup_stm32f427xx.o(.text)
    CAN2_RX0_IRQHandler                      0x080001db   Thumb Code     0  startup_stm32f427xx.o(.text)
    CAN2_RX1_IRQHandler                      0x080001db   Thumb Code     0  startup_stm32f427xx.o(.text)
    CAN2_SCE_IRQHandler                      0x080001db   Thumb Code     0  startup_stm32f427xx.o(.text)
    CAN2_TX_IRQHandler                       0x080001db   Thumb Code     0  startup_stm32f427xx.o(.text)
    DCMI_IRQHandler                          0x080001db   Thumb Code     0  startup_stm32f427xx.o(.text)
    DMA1_Stream0_IRQHandler                  0x080001db   Thumb Code     0  startup_stm32f427xx.o(.text)
    DMA1_Stream1_IRQHandler                  0x080001db   Thumb Code     0  startup_stm32f427xx.o(.text)
    DMA1_Stream2_IRQHandler                  0x080001db   Thumb Code     0  startup_stm32f427xx.o(.text)
    DMA1_Stream3_IRQHandler                  0x080001db   Thumb Code     0  startup_stm32f427xx.o(.text)
    DMA1_Stream4_IRQHandler                  0x080001db   Thumb Code     0  startup_stm32f427xx.o(.text)
    DMA1_Stream5_IRQHandler                  0x080001db   Thumb Code     0  startup_stm32f427xx.o(.text)
    DMA1_Stream6_IRQHandler                  0x080001db   Thumb Code     0  startup_stm32f427xx.o(.text)
    DMA1_Stream7_IRQHandler                  0x080001db   Thumb Code     0  startup_stm32f427xx.o(.text)
    DMA2D_IRQHandler                         0x080001db   Thumb Code     0  startup_stm32f427xx.o(.text)
    DMA2_Stream0_IRQHandler                  0x080001db   Thumb Code     0  startup_stm32f427xx.o(.text)
    DMA2_Stream1_IRQHandler                  0x080001db   Thumb Code     0  startup_stm32f427xx.o(.text)
    DMA2_Stream2_IRQHandler                  0x080001db   Thumb Code     0  startup_stm32f427xx.o(.text)
    DMA2_Stream3_IRQHandler                  0x080001db   Thumb Code     0  startup_stm32f427xx.o(.text)
    DMA2_Stream4_IRQHandler                  0x080001db   Thumb Code     0  startup_stm32f427xx.o(.text)
    DMA2_Stream5_IRQHandler                  0x080001db   Thumb Code     0  startup_stm32f427xx.o(.text)
    DMA2_Stream6_IRQHandler                  0x080001db   Thumb Code     0  startup_stm32f427xx.o(.text)
    DMA2_Stream7_IRQHandler                  0x080001db   Thumb Code     0  startup_stm32f427xx.o(.text)
    ETH_IRQHandler                           0x080001db   Thumb Code     0  startup_stm32f427xx.o(.text)
    ETH_WKUP_IRQHandler                      0x080001db   Thumb Code     0  startup_stm32f427xx.o(.text)
    EXTI0_IRQHandler                         0x080001db   Thumb Code     0  startup_stm32f427xx.o(.text)
    EXTI15_10_IRQHandler                     0x080001db   Thumb Code     0  startup_stm32f427xx.o(.text)
    EXTI1_IRQHandler                         0x080001db   Thumb Code     0  startup_stm32f427xx.o(.text)
    EXTI2_IRQHandler                         0x080001db   Thumb Code     0  startup_stm32f427xx.o(.text)
    EXTI3_IRQHandler                         0x080001db   Thumb Code     0  startup_stm32f427xx.o(.text)
    EXTI4_IRQHandler                         0x080001db   Thumb Code     0  startup_stm32f427xx.o(.text)
    EXTI9_5_IRQHandler                       0x080001db   Thumb Code     0  startup_stm32f427xx.o(.text)
    FLASH_IRQHandler                         0x080001db   Thumb Code     0  startup_stm32f427xx.o(.text)
    FMC_IRQHandler                           0x080001db   Thumb Code     0  startup_stm32f427xx.o(.text)
    FPU_IRQHandler                           0x080001db   Thumb Code     0  startup_stm32f427xx.o(.text)
    HASH_RNG_IRQHandler                      0x080001db   Thumb Code     0  startup_stm32f427xx.o(.text)
    I2C1_ER_IRQHandler                       0x080001db   Thumb Code     0  startup_stm32f427xx.o(.text)
    I2C1_EV_IRQHandler                       0x080001db   Thumb Code     0  startup_stm32f427xx.o(.text)
    I2C2_ER_IRQHandler                       0x080001db   Thumb Code     0  startup_stm32f427xx.o(.text)
    I2C2_EV_IRQHandler                       0x080001db   Thumb Code     0  startup_stm32f427xx.o(.text)
    I2C3_ER_IRQHandler                       0x080001db   Thumb Code     0  startup_stm32f427xx.o(.text)
    I2C3_EV_IRQHandler                       0x080001db   Thumb Code     0  startup_stm32f427xx.o(.text)
    OTG_FS_IRQHandler                        0x080001db   Thumb Code     0  startup_stm32f427xx.o(.text)
    OTG_FS_WKUP_IRQHandler                   0x080001db   Thumb Code     0  startup_stm32f427xx.o(.text)
    OTG_HS_EP1_IN_IRQHandler                 0x080001db   Thumb Code     0  startup_stm32f427xx.o(.text)
    OTG_HS_EP1_OUT_IRQHandler                0x080001db   Thumb Code     0  startup_stm32f427xx.o(.text)
    OTG_HS_IRQHandler                        0x080001db   Thumb Code     0  startup_stm32f427xx.o(.text)
    OTG_HS_WKUP_IRQHandler                   0x080001db   Thumb Code     0  startup_stm32f427xx.o(.text)
    PVD_IRQHandler                           0x080001db   Thumb Code     0  startup_stm32f427xx.o(.text)
    RCC_IRQHandler                           0x080001db   Thumb Code     0  startup_stm32f427xx.o(.text)
    RTC_Alarm_IRQHandler                     0x080001db   Thumb Code     0  startup_stm32f427xx.o(.text)
    RTC_WKUP_IRQHandler                      0x080001db   Thumb Code     0  startup_stm32f427xx.o(.text)
    SAI1_IRQHandler                          0x080001db   Thumb Code     0  startup_stm32f427xx.o(.text)
    SDIO_IRQHandler                          0x080001db   Thumb Code     0  startup_stm32f427xx.o(.text)
    SPI1_IRQHandler                          0x080001db   Thumb Code     0  startup_stm32f427xx.o(.text)
    SPI2_IRQHandler                          0x080001db   Thumb Code     0  startup_stm32f427xx.o(.text)
    SPI3_IRQHandler                          0x080001db   Thumb Code     0  startup_stm32f427xx.o(.text)
    SPI4_IRQHandler                          0x080001db   Thumb Code     0  startup_stm32f427xx.o(.text)
    SPI5_IRQHandler                          0x080001db   Thumb Code     0  startup_stm32f427xx.o(.text)
    SPI6_IRQHandler                          0x080001db   Thumb Code     0  startup_stm32f427xx.o(.text)
    TAMP_STAMP_IRQHandler                    0x080001db   Thumb Code     0  startup_stm32f427xx.o(.text)
    TIM1_BRK_TIM9_IRQHandler                 0x080001db   Thumb Code     0  startup_stm32f427xx.o(.text)
    TIM1_CC_IRQHandler                       0x080001db   Thumb Code     0  startup_stm32f427xx.o(.text)
    TIM1_TRG_COM_TIM11_IRQHandler            0x080001db   Thumb Code     0  startup_stm32f427xx.o(.text)
    TIM1_UP_TIM10_IRQHandler                 0x080001db   Thumb Code     0  startup_stm32f427xx.o(.text)
    TIM2_IRQHandler                          0x080001db   Thumb Code     0  startup_stm32f427xx.o(.text)
    TIM5_IRQHandler                          0x080001db   Thumb Code     0  startup_stm32f427xx.o(.text)
    TIM6_DAC_IRQHandler                      0x080001db   Thumb Code     0  startup_stm32f427xx.o(.text)
    TIM7_IRQHandler                          0x080001db   Thumb Code     0  startup_stm32f427xx.o(.text)
    TIM8_BRK_TIM12_IRQHandler                0x080001db   Thumb Code     0  startup_stm32f427xx.o(.text)
    TIM8_CC_IRQHandler                       0x080001db   Thumb Code     0  startup_stm32f427xx.o(.text)
    TIM8_TRG_COM_TIM14_IRQHandler            0x080001db   Thumb Code     0  startup_stm32f427xx.o(.text)
    TIM8_UP_TIM13_IRQHandler                 0x080001db   Thumb Code     0  startup_stm32f427xx.o(.text)
    UART4_IRQHandler                         0x080001db   Thumb Code     0  startup_stm32f427xx.o(.text)
    UART5_IRQHandler                         0x080001db   Thumb Code     0  startup_stm32f427xx.o(.text)
    UART7_IRQHandler                         0x080001db   Thumb Code     0  startup_stm32f427xx.o(.text)
    UART8_IRQHandler                         0x080001db   Thumb Code     0  startup_stm32f427xx.o(.text)
    USART2_IRQHandler                        0x080001db   Thumb Code     0  startup_stm32f427xx.o(.text)
    USART3_IRQHandler                        0x080001db   Thumb Code     0  startup_stm32f427xx.o(.text)
    USART6_IRQHandler                        0x080001db   Thumb Code     0  startup_stm32f427xx.o(.text)
    WWDG_IRQHandler                          0x080001db   Thumb Code     0  startup_stm32f427xx.o(.text)
    __aeabi_uldivmod                         0x080001e5   Thumb Code    98  uldiv.o(.text)
    __aeabi_memcpy                           0x08000247   Thumb Code    36  memcpya.o(.text)
    __aeabi_memcpy4                          0x08000247   Thumb Code     0  memcpya.o(.text)
    __aeabi_memcpy8                          0x08000247   Thumb Code     0  memcpya.o(.text)
    __aeabi_memset                           0x0800026b   Thumb Code    14  memseta.o(.text)
    __aeabi_memset4                          0x0800026b   Thumb Code     0  memseta.o(.text)
    __aeabi_memset8                          0x0800026b   Thumb Code     0  memseta.o(.text)
    __aeabi_memclr                           0x08000279   Thumb Code     4  memseta.o(.text)
    __aeabi_memclr4                          0x08000279   Thumb Code     0  memseta.o(.text)
    __aeabi_memclr8                          0x08000279   Thumb Code     0  memseta.o(.text)
    _memset$wrapper                          0x0800027d   Thumb Code    18  memseta.o(.text)
    memcmp                                   0x0800028f   Thumb Code    26  memcmp.o(.text)
    __aeabi_dadd                             0x080002a9   Thumb Code   322  dadd.o(.text)
    __aeabi_dsub                             0x080003eb   Thumb Code     6  dadd.o(.text)
    __aeabi_drsub                            0x080003f1   Thumb Code     6  dadd.o(.text)
    __aeabi_dmul                             0x080003f7   Thumb Code   228  dmul.o(.text)
    __aeabi_ddiv                             0x080004db   Thumb Code   222  ddiv.o(.text)
    __aeabi_ui2d                             0x080005b9   Thumb Code    26  dfltui.o(.text)
    __aeabi_d2iz                             0x080005d3   Thumb Code    62  dfixi.o(.text)
    __aeabi_d2uiz                            0x08000611   Thumb Code    50  dfixui.o(.text)
    __aeabi_f2d                              0x08000643   Thumb Code    38  f2d.o(.text)
    __aeabi_cdcmpeq                          0x08000669   Thumb Code     0  cdcmple.o(.text)
    __aeabi_cdcmple                          0x08000669   Thumb Code    48  cdcmple.o(.text)
    __aeabi_d2f                              0x08000699   Thumb Code    56  d2f.o(.text)
    __aeabi_llsl                             0x080006d1   Thumb Code    30  llshl.o(.text)
    _ll_shift_l                              0x080006d1   Thumb Code     0  llshl.o(.text)
    __aeabi_llsr                             0x080006ef   Thumb Code    32  llushr.o(.text)
    _ll_ushift_r                             0x080006ef   Thumb Code     0  llushr.o(.text)
    __aeabi_lasr                             0x0800070f   Thumb Code    36  llsshr.o(.text)
    _ll_sshift_r                             0x0800070f   Thumb Code     0  llsshr.o(.text)
    __I$use$fp                               0x08000733   Thumb Code     0  iusefp.o(.text)
    _float_round                             0x08000733   Thumb Code    18  fepilogue.o(.text)
    _float_epilogue                          0x08000745   Thumb Code    92  fepilogue.o(.text)
    _double_round                            0x080007a1   Thumb Code    30  depilogue.o(.text)
    _double_epilogue                         0x080007bf   Thumb Code   156  depilogue.o(.text)
    _dsqrt                                   0x0800085b   Thumb Code   162  dsqrt.o(.text)
    _drnd                                    0x080008fd   Thumb Code   132  drnd.o(.text)
    _dfix_r                                  0x08000985   Thumb Code   168  dfixir.o(.text)
    __aeabi_cdrcmple                         0x08000a2d   Thumb Code    48  cdrcmple.o(.text)
    __scatterload                            0x08000a5d   Thumb Code    28  init.o(.text)
    __scatterload_rt2                        0x08000a5d   Thumb Code     0  init.o(.text)
    __aeabi_i2d                              0x08000a81   Thumb Code    34  dflti.o(.text)
    BusFault_Handler                         0x08000aa3   Thumb Code     4  stm32f4xx_it.o(i.BusFault_Handler)
    DebugMon_Handler                         0x08000aa7   Thumb Code     2  stm32f4xx_it.o(i.DebugMon_Handler)
    HAL_Delay                                0x08000aa9   Thumb Code    36  stm32f4xx_hal.o(i.HAL_Delay)
    HAL_GPIO_Init                            0x08000ad1   Thumb Code   486  stm32f4xx_hal_gpio.o(i.HAL_GPIO_Init)
    HAL_GPIO_TogglePin                       0x08000ced   Thumb Code     8  stm32f4xx_hal_gpio.o(i.HAL_GPIO_TogglePin)
    HAL_GPIO_WritePin                        0x08000cf5   Thumb Code    12  stm32f4xx_hal_gpio.o(i.HAL_GPIO_WritePin)
    HAL_GetTick                              0x08000d01   Thumb Code     6  stm32f4xx_hal.o(i.HAL_GetTick)
    HAL_IncTick                              0x08000d0d   Thumb Code    16  stm32f4xx_hal.o(i.HAL_IncTick)
    HAL_Init                                 0x08000d25   Thumb Code    54  stm32f4xx_hal.o(i.HAL_Init)
    HAL_InitTick                             0x08000d61   Thumb Code    64  stm32f4xx_hal.o(i.HAL_InitTick)
    HAL_MspInit                              0x08000dad   Thumb Code    86  stm32f4xx_hal_msp.o(i.HAL_MspInit)
    HAL_NVIC_EnableIRQ                       0x08000e03   Thumb Code    26  stm32f4xx_hal_cortex.o(i.HAL_NVIC_EnableIRQ)
    HAL_NVIC_SetPriority                     0x08000e1d   Thumb Code   124  stm32f4xx_hal_cortex.o(i.HAL_NVIC_SetPriority)
    HAL_NVIC_SetPriorityGrouping             0x08000e99   Thumb Code    32  stm32f4xx_hal_cortex.o(i.HAL_NVIC_SetPriorityGrouping)
    HAL_PWREx_EnableOverDrive                0x08000ec1   Thumb Code   128  stm32f4xx_hal_pwr_ex.o(i.HAL_PWREx_EnableOverDrive)
    HAL_RCC_ClockConfig                      0x08000f4d   Thumb Code   366  stm32f4xx_hal_rcc.o(i.HAL_RCC_ClockConfig)
    HAL_RCC_GetHCLKFreq                      0x080010cd   Thumb Code     6  stm32f4xx_hal_rcc.o(i.HAL_RCC_GetHCLKFreq)
    HAL_RCC_GetPCLK1Freq                     0x080010d9   Thumb Code    22  stm32f4xx_hal_rcc.o(i.HAL_RCC_GetPCLK1Freq)
    HAL_RCC_GetPCLK2Freq                     0x080010f9   Thumb Code    22  stm32f4xx_hal_rcc.o(i.HAL_RCC_GetPCLK2Freq)
    HAL_RCC_GetSysClockFreq                  0x08001119   Thumb Code   162  stm32f4xx_hal_rcc.o(i.HAL_RCC_GetSysClockFreq)
    HAL_RCC_OscConfig                        0x080011c9   Thumb Code  1086  stm32f4xx_hal_rcc.o(i.HAL_RCC_OscConfig)
    HAL_SYSTICK_CLKSourceConfig              0x08001611   Thumb Code    40  stm32f4xx_hal_cortex.o(i.HAL_SYSTICK_CLKSourceConfig)
    HAL_SYSTICK_Callback                     0x08001639   Thumb Code     2  stm32f4xx_hal_cortex.o(i.HAL_SYSTICK_Callback)
    HAL_SYSTICK_Config                       0x0800163b   Thumb Code    52  stm32f4xx_hal_cortex.o(i.HAL_SYSTICK_Config)
    HAL_SYSTICK_IRQHandler                   0x0800166f   Thumb Code     8  stm32f4xx_hal_cortex.o(i.HAL_SYSTICK_IRQHandler)
    HAL_TIMEx_BreakCallback                  0x08001677   Thumb Code     2  stm32f4xx_hal_tim_ex.o(i.HAL_TIMEx_BreakCallback)
    HAL_TIMEx_CommutationCallback            0x08001679   Thumb Code     2  stm32f4xx_hal_tim_ex.o(i.HAL_TIMEx_CommutationCallback)
    HAL_TIMEx_MasterConfigSynchronization    0x0800167b   Thumb Code    98  stm32f4xx_hal_tim_ex.o(i.HAL_TIMEx_MasterConfigSynchronization)
    HAL_TIM_Base_Init                        0x080016dd   Thumb Code    52  stm32f4xx_hal_tim.o(i.HAL_TIM_Base_Init)
    HAL_TIM_Base_MspInit                     0x08001711   Thumb Code   120  tim.o(i.HAL_TIM_Base_MspInit)
    HAL_TIM_Base_Start_IT                    0x08001795   Thumb Code    30  stm32f4xx_hal_tim.o(i.HAL_TIM_Base_Start_IT)
    HAL_TIM_Base_Stop_IT                     0x080017b3   Thumb Code    56  stm32f4xx_hal_tim.o(i.HAL_TIM_Base_Stop_IT)
    HAL_TIM_ConfigClockSource                0x080017eb   Thumb Code   306  stm32f4xx_hal_tim.o(i.HAL_TIM_ConfigClockSource)
    HAL_TIM_IC_CaptureCallback               0x0800191d   Thumb Code     2  stm32f4xx_hal_tim.o(i.HAL_TIM_IC_CaptureCallback)
    HAL_TIM_IRQHandler                       0x0800191f   Thumb Code   406  stm32f4xx_hal_tim.o(i.HAL_TIM_IRQHandler)
    HAL_TIM_OC_DelayElapsedCallback          0x08001ab5   Thumb Code     2  stm32f4xx_hal_tim.o(i.HAL_TIM_OC_DelayElapsedCallback)
    HAL_TIM_PWM_PulseFinishedCallback        0x08001ab7   Thumb Code     2  stm32f4xx_hal_tim.o(i.HAL_TIM_PWM_PulseFinishedCallback)
    HAL_TIM_PeriodElapsedCallback            0x08001ab9   Thumb Code    28  tim.o(i.HAL_TIM_PeriodElapsedCallback)
    HAL_TIM_TriggerCallback                  0x08001add   Thumb Code     2  stm32f4xx_hal_tim.o(i.HAL_TIM_TriggerCallback)
    HAL_UART_Init                            0x08001adf   Thumb Code   114  stm32f4xx_hal_uart.o(i.HAL_UART_Init)
    HAL_UART_MspInit                         0x08001b51   Thumb Code    96  usart.o(i.HAL_UART_MspInit)
    HardFault_Handler                        0x08001bbd   Thumb Code     4  stm32f4xx_it.o(i.HardFault_Handler)
    MX_GPIO_Init                             0x08001bc1   Thumb Code   168  gpio.o(i.MX_GPIO_Init)
    MX_TIM3_Init                             0x08001c75   Thumb Code    94  tim.o(i.MX_TIM3_Init)
    MX_TIM4_Init                             0x08001ced   Thumb Code    94  tim.o(i.MX_TIM4_Init)
    MX_USART1_UART_Init                      0x08001d65   Thumb Code    50  usart.o(i.MX_USART1_UART_Init)
    MemManage_Handler                        0x08001db1   Thumb Code     4  stm32f4xx_it.o(i.MemManage_Handler)
    NMI_Handler                              0x08001db5   Thumb Code     2  stm32f4xx_it.o(i.NMI_Handler)
    PendSV_Handler                           0x08001df1   Thumb Code     2  stm32f4xx_it.o(i.PendSV_Handler)
    SERIAL_RX_int_service                    0x08001df5   Thumb Code   292  serial.o(i.SERIAL_RX_int_service)
    SERIAL_UDRE_int_service                  0x08001f2d   Thumb Code   102  serial.o(i.SERIAL_UDRE_int_service)
    SVC_Handler                              0x08001fa5   Thumb Code     2  stm32f4xx_it.o(i.SVC_Handler)
    SysTick_Handler                          0x08001fa7   Thumb Code    12  stm32f4xx_it.o(i.SysTick_Handler)
    SystemClock_Config                       0x08001fb5   Thumb Code   212  main.o(i.SystemClock_Config)
    SystemInit                               0x080020a1   Thumb Code    82  system_stm32f4xx.o(i.SystemInit)
    TIM3_IRQHandler                          0x08002105   Thumb Code    10  stm32f4xx_it.o(i.TIM3_IRQHandler)
    TIM4_IRQHandler                          0x08002115   Thumb Code    10  stm32f4xx_it.o(i.TIM4_IRQHandler)
    TIMER0_OVF_vect                          0x08002125   Thumb Code    70  stepper.o(i.TIMER0_OVF_vect)
    TIMER1_COMPA_vect                        0x08002179   Thumb Code   714  stepper.o(i.TIMER1_COMPA_vect)
    TIM_Base_SetConfig                       0x08002481   Thumb Code   184  stm32f4xx_hal_tim.o(i.TIM_Base_SetConfig)
    USART1_IRQHandler                        0x08002951   Thumb Code    52  stm32f4xx_it.o(i.USART1_IRQHandler)
    UsageFault_Handler                       0x0800298d   Thumb Code     4  stm32f4xx_it.o(i.UsageFault_Handler)
    _Error_Handler                           0x08002991   Thumb Code     4  main.o(i._Error_Handler)
    __ARM_fpclassify                         0x08002995   Thumb Code    48  fpclassify.o(i.__ARM_fpclassify)
    __hardfp_atan                            0x080029c9   Thumb Code   622  atan.o(i.__hardfp_atan)
    __hardfp_atan2                           0x08002ca1   Thumb Code   432  atan2.o(i.__hardfp_atan2)
    __hardfp_ceil                            0x08002e91   Thumb Code   252  ceil.o(i.__hardfp_ceil)
    __hardfp_cos                             0x08002fa9   Thumb Code   180  cos.o(i.__hardfp_cos)
    __hardfp_fabs                            0x08003071   Thumb Code    20  fabs.o(i.__hardfp_fabs)
    __hardfp_floor                           0x08003089   Thumb Code   252  floor.o(i.__hardfp_floor)
    __hardfp_lround                          0x080031a1   Thumb Code   210  lround.o(i.__hardfp_lround)
    __hardfp_round                           0x080032a1   Thumb Code   194  round.o(i.__hardfp_round)
    __hardfp_sin                             0x08003381   Thumb Code   180  sin.o(i.__hardfp_sin)
    __hardfp_sqrt                            0x08003449   Thumb Code   122  sqrt.o(i.__hardfp_sqrt)
    __hardfp_trunc                           0x080034c9   Thumb Code   154  trunc.o(i.__hardfp_trunc)
    __ieee754_rem_pio2                       0x08003579   Thumb Code   938  rred.o(i.__ieee754_rem_pio2)
    __kernel_cos                             0x080039b1   Thumb Code   322  cos_i.o(i.__kernel_cos)
    __kernel_poly                            0x08003b21   Thumb Code   248  poly.o(i.__kernel_poly)
    __kernel_sin                             0x08003c19   Thumb Code   280  sin_i.o(i.__kernel_sin)
    __mathlib_dbl_infnan                     0x08003d49   Thumb Code    20  dunder.o(i.__mathlib_dbl_infnan)
    __mathlib_dbl_infnan2                    0x08003d5d   Thumb Code    20  dunder.o(i.__mathlib_dbl_infnan2)
    __mathlib_dbl_invalid                    0x08003d71   Thumb Code    24  dunder.o(i.__mathlib_dbl_invalid)
    __mathlib_dbl_underflow                  0x08003d91   Thumb Code    24  dunder.o(i.__mathlib_dbl_underflow)
    __scatterload_copy                       0x08003db1   Thumb Code    14  handlers.o(i.__scatterload_copy)
    __scatterload_null                       0x08003dbf   Thumb Code     2  handlers.o(i.__scatterload_null)
    __scatterload_zeroinit                   0x08003dc1   Thumb Code    14  handlers.o(i.__scatterload_zeroinit)
    __set_errno                              0x08003dd1   Thumb Code     6  errno.o(i.__set_errno)
    _delay_ms                                0x08003ddd   Thumb Code    24  delay.o(i._delay_ms)
    _delay_us                                0x08003df5   Thumb Code    68  delay.o(i._delay_us)
    atan                                     0x08003e3d   Thumb Code    16  atan.o(i.atan)
    convert_delta_vector_to_unit_vector      0x08003e4d   Thumb Code   168  nuts_bolts.o(i.convert_delta_vector_to_unit_vector)
    coolant_get_state                        0x08003ef9   Thumb Code     4  coolant_control.o(i.coolant_get_state)
    coolant_init                             0x08003efd   Thumb Code     8  coolant_control.o(i.coolant_init)
    coolant_set_state                        0x08003f05   Thumb Code    18  coolant_control.o(i.coolant_set_state)
    coolant_stop                             0x08003f1d   Thumb Code     2  coolant_control.o(i.coolant_stop)
    coolant_sync                             0x08003f21   Thumb Code    28  coolant_control.o(i.coolant_sync)
    delay_init                               0x08003f41   Thumb Code     6  delay.o(i.delay_init)
    delay_ms                                 0x08003f4d   Thumb Code    24  nuts_bolts.o(i.delay_ms)
    delay_sec                                0x08003f65   Thumb Code   122  nuts_bolts.o(i.delay_sec)
    eeprom_get_char                          0x08003fe5   Thumb Code     6  eeprom.o(i.eeprom_get_char)
    eeprom_put_char                          0x08003feb   Thumb Code    10  eeprom.o(i.eeprom_put_char)
    fabs                                     0x08003ff5   Thumb Code    24  fabs.o(i.fabs)
    gc_execute_line                          0x0800400d   Thumb Code  4952  gcode.o(i.gc_execute_line)
    gc_init                                  0x08005371   Thumb Code    30  gcode.o(i.gc_init)
    gc_sync_position                         0x08005395   Thumb Code    12  gcode.o(i.gc_sync_position)
    get_direction_pin_mask                   0x080053a9   Thumb Code    20  settings.o(i.get_direction_pin_mask)
    get_step_pin_mask                        0x080053bd   Thumb Code    20  settings.o(i.get_step_pin_mask)
    grbl_main                                0x080053d1   Thumb Code   156  grbl_main.o(i.grbl_main)
    hypot_f                                  0x08005491   Thumb Code    74  nuts_bolts.o(i.hypot_f)
    jog_execute                              0x080054dd   Thumb Code    88  jog.o(i.jog_execute)
    limit_value_by_axis_maximum              0x0800553d   Thumb Code   218  nuts_bolts.o(i.limit_value_by_axis_maximum)
    limits_disable                           0x0800561d   Thumb Code     2  limits.o(i.limits_disable)
    limits_get_state                         0x0800561f   Thumb Code     4  limits.o(i.limits_get_state)
    limits_go_home                           0x08005625   Thumb Code   794  limits.o(i.limits_go_home)
    limits_init                              0x08005959   Thumb Code     2  limits.o(i.limits_init)
    limits_soft_check                        0x0800595d   Thumb Code    72  limits.o(i.limits_soft_check)
    main                                     0x080059a9   Thumb Code    46  main.o(i.main)
    mc_arc                                   0x080059d9   Thumb Code   900  motion_control.o(i.mc_arc)
    mc_dwell                                 0x08005d75   Thumb Code    42  motion_control.o(i.mc_dwell)
    mc_homing_cycle                          0x08005da5   Thumb Code    48  motion_control.o(i.mc_homing_cycle)
    mc_line                                  0x08005dd9   Thumb Code   122  motion_control.o(i.mc_line)
    mc_probe_cycle                           0x08005e5d   Thumb Code   206  motion_control.o(i.mc_probe_cycle)
    mc_reset                                 0x08005f3d   Thumb Code    80  motion_control.o(i.mc_reset)
    memcpy_from_eeprom_with_checksum         0x08005f99   Thumb Code    70  eeprom.o(i.memcpy_from_eeprom_with_checksum)
    memcpy_to_eeprom_with_checksum           0x08005fdf   Thumb Code    62  eeprom.o(i.memcpy_to_eeprom_with_checksum)
    plan_buffer_line                         0x0800601d   Thumb Code   794  planner.o(i.plan_buffer_line)
    plan_check_full_buffer                   0x08006369   Thumb Code    20  planner.o(i.plan_check_full_buffer)
    plan_compute_profile_nominal_speed       0x08006385   Thumb Code   206  planner.o(i.plan_compute_profile_nominal_speed)
    plan_cycle_reinitialize                  0x08006499   Thumb Code    20  planner.o(i.plan_cycle_reinitialize)
    plan_discard_current_block               0x080064b5   Thumb Code    48  planner.o(i.plan_discard_current_block)
    plan_get_block_buffer_available          0x080064f1   Thumb Code    46  planner.o(i.plan_get_block_buffer_available)
    plan_get_current_block                   0x08006529   Thumb Code    36  planner.o(i.plan_get_current_block)
    plan_get_exec_block_exit_speed_sqr       0x08006559   Thumb Code    46  planner.o(i.plan_get_exec_block_exit_speed_sqr)
    plan_get_system_motion_block             0x08006599   Thumb Code    20  planner.o(i.plan_get_system_motion_block)
    plan_next_block_index                    0x080065b5   Thumb Code    12  planner.o(i.plan_next_block_index)
    plan_reset                               0x080065cd   Thumb Code    16  planner.o(i.plan_reset)
    plan_reset_buffer                        0x080065e1   Thumb Code    24  planner.o(i.plan_reset_buffer)
    plan_sync_position                       0x08006609   Thumb Code    26  planner.o(i.plan_sync_position)
    plan_update_velocity_profile_parameters  0x0800662d   Thumb Code    90  planner.o(i.plan_update_velocity_profile_parameters)
    printFloat                               0x0800684d   Thumb Code   204  print.o(i.printFloat)
    printFloat_CoordValue                    0x0800691d   Thumb Code    58  print.o(i.printFloat_CoordValue)
    printFloat_RateValue                     0x08006961   Thumb Code    58  print.o(i.printFloat_RateValue)
    printPgmString                           0x080069a5   Thumb Code    22  print.o(i.printPgmString)
    printString                              0x080069bb   Thumb Code    22  print.o(i.printString)
    print_uint8_base10                       0x080069d1   Thumb Code    88  print.o(i.print_uint8_base10)
    probe_configure_invert_mask              0x08006a29   Thumb Code    44  probe.o(i.probe_configure_invert_mask)
    probe_get_state                          0x08006a5d   Thumb Code     4  probe.o(i.probe_get_state)
    probe_init                               0x08006a61   Thumb Code    10  probe.o(i.probe_init)
    probe_state_monitor                      0x08006a6d   Thumb Code    36  probe.o(i.probe_state_monitor)
    protocol_auto_cycle_start                0x08006aa1   Thumb Code    16  protocol.o(i.protocol_auto_cycle_start)
    protocol_buffer_synchronize              0x08006ab1   Thumb Code    40  protocol.o(i.protocol_buffer_synchronize)
    protocol_exec_rt_system                  0x08006d29   Thumb Code  1164  protocol.o(i.protocol_exec_rt_system)
    protocol_execute_realtime                0x080071bd   Thumb Code    18  protocol.o(i.protocol_execute_realtime)
    protocol_main_loop                       0x080071d5   Thumb Code   364  protocol.o(i.protocol_main_loop)
    read_float                               0x08007355   Thumb Code   244  nuts_bolts.o(i.read_float)
    read_global_settings                     0x08007451   Thumb Code    38  settings.o(i.read_global_settings)
    report_alarm_message                     0x0800747d   Thumb Code    30  report.o(i.report_alarm_message)
    report_build_info                        0x080074a5   Thumb Code    62  report.o(i.report_build_info)
    report_execute_startup_message           0x08007501   Thumb Code    32  report.o(i.report_execute_startup_message)
    report_feedback_message                  0x08007521   Thumb Code   126  report.o(i.report_feedback_message)
    report_gcode_modes                       0x08007651   Thumb Code   310  report.o(i.report_gcode_modes)
    report_grbl_help                         0x080077a5   Thumb Code    10  report.o(i.report_grbl_help)
    report_grbl_settings                     0x080077b5   Thumb Code   524  report.o(i.report_grbl_settings)
    report_init_message                      0x080079c9   Thumb Code    10  report.o(i.report_init_message)
    report_ngc_parameters                    0x080079f5   Thumb Code   144  report.o(i.report_ngc_parameters)
    report_probe_parameters                  0x08007aa5   Thumb Code    42  report.o(i.report_probe_parameters)
    report_realtime_status                   0x08007ae1   Thumb Code   880  report.o(i.report_realtime_status)
    report_startup_line                      0x08007edd   Thumb Code    36  report.o(i.report_startup_line)
    report_status_message                    0x08007f05   Thumb Code    36  report.o(i.report_status_message)
    report_util_setting_prefix               0x08007fcd   Thumb Code    24  report.o(i.report_util_setting_prefix)
    serial_get_rx_buffer_available           0x08007ffd   Thumb Code    38  serial.o(i.serial_get_rx_buffer_available)
    serial_init                              0x0800802d   Thumb Code    18  serial.o(i.serial_init)
    serial_read                              0x08008045   Thumb Code    38  serial.o(i.serial_read)
    serial_reset_read_buffer                 0x08008079   Thumb Code    10  serial.o(i.serial_reset_read_buffer)
    serial_write                             0x0800808d   Thumb Code    70  serial.o(i.serial_write)
    settings_init                            0x080080e9   Thumb Code    26  settings.o(i.settings_init)
    settings_read_build_info                 0x08008103   Thumb Code    36  settings.o(i.settings_read_build_info)
    settings_read_coord_data                 0x08008127   Thumb Code    54  settings.o(i.settings_read_coord_data)
    settings_read_startup_line               0x0800815d   Thumb Code    50  settings.o(i.settings_read_startup_line)
    settings_restore                         0x08008191   Thumb Code   134  settings.o(i.settings_restore)
    settings_store_build_info                0x08008221   Thumb Code    18  settings.o(i.settings_store_build_info)
    settings_store_global_setting            0x08008235   Thumb Code   760  settings.o(i.settings_store_global_setting)
    settings_store_startup_line              0x08008535   Thumb Code    34  settings.o(i.settings_store_startup_line)
    settings_write_coord_data                0x08008557   Thumb Code    34  settings.o(i.settings_write_coord_data)
    spindle_compute_pwm_value                0x08008579   Thumb Code   238  spindle_control.o(i.spindle_compute_pwm_value)
    spindle_get_state                        0x08008685   Thumb Code     4  spindle_control.o(i.spindle_get_state)
    spindle_init                             0x08008689   Thumb Code     8  spindle_control.o(i.spindle_init)
    spindle_set_speed                        0x08008691   Thumb Code     2  spindle_control.o(i.spindle_set_speed)
    spindle_set_state                        0x08008695   Thumb Code     8  spindle_control.o(i.spindle_set_state)
    spindle_stop                             0x080086a1   Thumb Code     2  spindle_control.o(i.spindle_stop)
    spindle_sync                             0x080086a5   Thumb Code    44  spindle_control.o(i.spindle_sync)
    st_generate_step_dir_invert_masks        0x080086d5   Thumb Code    86  stepper.o(i.st_generate_step_dir_invert_masks)
    st_get_realtime_rate                     0x08008739   Thumb Code    24  stepper.o(i.st_get_realtime_rate)
    st_go_idle                               0x0800875d   Thumb Code   146  stepper.o(i.st_go_idle)
    st_prep_buffer                           0x0800881d   Thumb Code  2480  stepper.o(i.st_prep_buffer)
    st_reset                                 0x080091ed   Thumb Code   174  stepper.o(i.st_reset)
    st_update_plan_block_parameters          0x080092c5   Thumb Code    44  stepper.o(i.st_update_plan_block_parameters)
    st_wake_up                               0x080092f9   Thumb Code   106  stepper.o(i.st_wake_up)
    stepper_init                             0x08009379   Thumb Code     2  stepper.o(i.stepper_init)
    system_check_safety_door_ajar            0x0800937b   Thumb Code     4  system.o(i.system_check_safety_door_ajar)
    system_check_travel_limits               0x08009381   Thumb Code    68  system.o(i.system_check_travel_limits)
    system_clear_exec_accessory_overrides    0x080093c9   Thumb Code    12  system.o(i.system_clear_exec_accessory_overrides)
    system_clear_exec_alarm                  0x080093d9   Thumb Code    12  system.o(i.system_clear_exec_alarm)
    system_clear_exec_motion_overrides       0x080093e9   Thumb Code    12  system.o(i.system_clear_exec_motion_overrides)
    system_clear_exec_state_flag             0x080093f9   Thumb Code    16  system.o(i.system_clear_exec_state_flag)
    system_control_get_state                 0x0800940d   Thumb Code     4  system.o(i.system_control_get_state)
    system_convert_array_steps_to_mpos       0x08009411   Thumb Code    36  system.o(i.system_convert_array_steps_to_mpos)
    system_convert_axis_steps_to_mpos        0x08009435   Thumb Code    32  system.o(i.system_convert_axis_steps_to_mpos)
    system_execute_line                      0x08009459   Thumb Code   878  system.o(i.system_execute_line)
    system_execute_startup                   0x080097d5   Thumb Code    64  system.o(i.system_execute_startup)
    system_flag_wco_change                   0x08009815   Thumb Code    14  system.o(i.system_flag_wco_change)
    system_init                              0x08009829   Thumb Code     2  system.o(i.system_init)
    system_set_exec_accessory_override_flag  0x0800982d   Thumb Code    16  system.o(i.system_set_exec_accessory_override_flag)
    system_set_exec_alarm                    0x08009841   Thumb Code    10  system.o(i.system_set_exec_alarm)
    system_set_exec_motion_override_flag     0x08009851   Thumb Code    16  system.o(i.system_set_exec_motion_override_flag)
    system_set_exec_state_flag               0x08009865   Thumb Code    16  system.o(i.system_set_exec_state_flag)
    write_global_settings                    0x08009879   Thumb Code    22  settings.o(i.write_global_settings)
    defaults                                 0x08009894   Data          92  settings.o(.constdata)
    AHBPrescTable                            0x080098f0   Data          16  system_stm32f4xx.o(.constdata)
    APBPrescTable                            0x08009900   Data           8  system_stm32f4xx.o(.constdata)
    __mathlib_zero                           0x080099d0   Data           8  qnan.o(.constdata)
    Region$$Table$$Base                      0x08009b14   Number         0  anon$$obj.o(Region$$Table)
    Region$$Table$$Limit                     0x08009b34   Number         0  anon$$obj.o(Region$$Table)
    sys_probe_state                          0x20000000   Data           1  grbl_main.o(.data)
    sys_rt_exec_state                        0x20000001   Data           1  grbl_main.o(.data)
    sys_rt_exec_alarm                        0x20000002   Data           1  grbl_main.o(.data)
    sys_rt_exec_motion_override              0x20000003   Data           1  grbl_main.o(.data)
    sys_rt_exec_accessory_override           0x20000004   Data           1  grbl_main.o(.data)
    probe_invert_mask                        0x20000009   Data           1  probe.o(.data)
    serial_rx_buffer_head                    0x2000000a   Data           1  serial.o(.data)
    serial_rx_buffer_tail                    0x2000000b   Data           1  serial.o(.data)
    serial_tx_buffer_head                    0x2000000c   Data           1  serial.o(.data)
    serial_tx_buffer_tail                    0x2000000d   Data           1  serial.o(.data)
    SystemCoreClock                          0x20000028   Data           4  system_stm32f4xx.o(.data)
    uwTick                                   0x2000002c   Data           4  stm32f4xx_hal.o(.data)
    uwTickPrio                               0x20000030   Data           4  stm32f4xx_hal.o(.data)
    uwTickFreq                               0x20000034   Data           1  stm32f4xx_hal.o(.data)
    sys                                      0x2000003c   Data          20  grbl_main.o(.bss)
    sys_position                             0x20000050   Data          12  grbl_main.o(.bss)
    sys_probe_position                       0x2000005c   Data          12  grbl_main.o(.bss)
    gc_state                                 0x20000068   Data          68  gcode.o(.bss)
    gc_block                                 0x200000ac   Data          64  gcode.o(.bss)
    serial_rx_buffer                         0x20000498   Data         129  serial.o(.bss)
    serial_tx_buffer                         0x20000519   Data         105  serial.o(.bss)
    settings                                 0x20000584   Data          92  settings.o(.bss)
    huart1                                   0x200006d4   Data          64  usart.o(.bss)
    htim3                                    0x20000714   Data          60  tim.o(.bss)
    htim4                                    0x20000750   Data          60  tim.o(.bss)
    __initial_sp                             0x20000b90   Data           0  startup_stm32f427xx.o(STACK)



==============================================================================

Memory Map of the image

  Image Entry point : 0x080001ad

  Load Region LR_IROM1 (Base: 0x08000000, Size: 0x00009b70, Max: 0x00100000, ABSOLUTE)

    Execution Region ER_IROM1 (Base: 0x08000000, Size: 0x00009b34, Max: 0x00100000, ABSOLUTE)

    Base Addr    Size         Type   Attr      Idx    E Section Name        Object

    0x08000000   0x000001ac   Data   RO            3    RESET               startup_stm32f427xx.o
    0x080001ac   0x00000000   Code   RO         4272  * .ARM.Collect$$$$00000000  mc_w.l(entry.o)
    0x080001ac   0x00000004   Code   RO         4376    .ARM.Collect$$$$00000001  mc_w.l(entry2.o)
    0x080001b0   0x00000004   Code   RO         4379    .ARM.Collect$$$$00000004  mc_w.l(entry5.o)
    0x080001b4   0x00000000   Code   RO         4381    .ARM.Collect$$$$00000008  mc_w.l(entry7b.o)
    0x080001b4   0x00000000   Code   RO         4383    .ARM.Collect$$$$0000000A  mc_w.l(entry8b.o)
    0x080001b4   0x00000008   Code   RO         4384    .ARM.Collect$$$$0000000B  mc_w.l(entry9a.o)
    0x080001bc   0x00000000   Code   RO         4386    .ARM.Collect$$$$0000000D  mc_w.l(entry10a.o)
    0x080001bc   0x00000000   Code   RO         4388    .ARM.Collect$$$$0000000F  mc_w.l(entry11a.o)
    0x080001bc   0x00000004   Code   RO         4377    .ARM.Collect$$$$00002712  mc_w.l(entry2.o)
    0x080001c0   0x00000024   Code   RO            4    .text               startup_stm32f427xx.o
    0x080001e4   0x00000062   Code   RO         4275    .text               mc_w.l(uldiv.o)
    0x08000246   0x00000024   Code   RO         4277    .text               mc_w.l(memcpya.o)
    0x0800026a   0x00000024   Code   RO         4279    .text               mc_w.l(memseta.o)
    0x0800028e   0x0000001a   Code   RO         4281    .text               mc_w.l(memcmp.o)
    0x080002a8   0x0000014e   Code   RO         4313    .text               mf_w.l(dadd.o)
    0x080003f6   0x000000e4   Code   RO         4315    .text               mf_w.l(dmul.o)
    0x080004da   0x000000de   Code   RO         4317    .text               mf_w.l(ddiv.o)
    0x080005b8   0x0000001a   Code   RO         4321    .text               mf_w.l(dfltui.o)
    0x080005d2   0x0000003e   Code   RO         4323    .text               mf_w.l(dfixi.o)
    0x08000610   0x00000032   Code   RO         4325    .text               mf_w.l(dfixui.o)
    0x08000642   0x00000026   Code   RO         4327    .text               mf_w.l(f2d.o)
    0x08000668   0x00000030   Code   RO         4329    .text               mf_w.l(cdcmple.o)
    0x08000698   0x00000038   Code   RO         4331    .text               mf_w.l(d2f.o)
    0x080006d0   0x0000001e   Code   RO         4390    .text               mc_w.l(llshl.o)
    0x080006ee   0x00000020   Code   RO         4392    .text               mc_w.l(llushr.o)
    0x0800070e   0x00000024   Code   RO         4394    .text               mc_w.l(llsshr.o)
    0x08000732   0x00000000   Code   RO         4405    .text               mc_w.l(iusefp.o)
    0x08000732   0x0000006e   Code   RO         4406    .text               mf_w.l(fepilogue.o)
    0x080007a0   0x000000ba   Code   RO         4408    .text               mf_w.l(depilogue.o)
    0x0800085a   0x000000a2   Code   RO         4410    .text               mf_w.l(dsqrt.o)
    0x080008fc   0x00000088   Code   RO         4412    .text               mf_w.l(drnd.o)
    0x08000984   0x000000a8   Code   RO         4414    .text               mf_w.l(dfixir.o)
    0x08000a2c   0x00000030   Code   RO         4416    .text               mf_w.l(cdrcmple.o)
    0x08000a5c   0x00000024   Code   RO         4422    .text               mc_w.l(init.o)
    0x08000a80   0x00000022   Code   RO         4424    .text               mf_w.l(dflti.o)
    0x08000aa2   0x00000004   Code   RO         1631    i.BusFault_Handler  stm32f4xx_it.o
    0x08000aa6   0x00000002   Code   RO         1632    i.DebugMon_Handler  stm32f4xx_it.o
    0x08000aa8   0x00000028   Code   RO         2766    i.HAL_Delay         stm32f4xx_hal.o
    0x08000ad0   0x0000021c   Code   RO         3202    i.HAL_GPIO_Init     stm32f4xx_hal_gpio.o
    0x08000cec   0x00000008   Code   RO         3205    i.HAL_GPIO_TogglePin  stm32f4xx_hal_gpio.o
    0x08000cf4   0x0000000c   Code   RO         3206    i.HAL_GPIO_WritePin  stm32f4xx_hal_gpio.o
    0x08000d00   0x0000000c   Code   RO         2774    i.HAL_GetTick       stm32f4xx_hal.o
    0x08000d0c   0x00000018   Code   RO         2778    i.HAL_IncTick       stm32f4xx_hal.o
    0x08000d24   0x0000003c   Code   RO         2779    i.HAL_Init          stm32f4xx_hal.o
    0x08000d60   0x0000004c   Code   RO         2780    i.HAL_InitTick      stm32f4xx_hal.o
    0x08000dac   0x00000056   Code   RO         1529    i.HAL_MspInit       stm32f4xx_hal_msp.o
    0x08000e02   0x0000001a   Code   RO         3270    i.HAL_NVIC_EnableIRQ  stm32f4xx_hal_cortex.o
    0x08000e1c   0x0000007c   Code   RO         3276    i.HAL_NVIC_SetPriority  stm32f4xx_hal_cortex.o
    0x08000e98   0x00000028   Code   RO         3277    i.HAL_NVIC_SetPriorityGrouping  stm32f4xx_hal_cortex.o
    0x08000ec0   0x0000008c   Code   RO         1872    i.HAL_PWREx_EnableOverDrive  stm32f4xx_hal_pwr_ex.o
    0x08000f4c   0x00000180   Code   RO         2057    i.HAL_RCC_ClockConfig  stm32f4xx_hal_rcc.o
    0x080010cc   0x0000000c   Code   RO         2062    i.HAL_RCC_GetHCLKFreq  stm32f4xx_hal_rcc.o
    0x080010d8   0x00000020   Code   RO         2064    i.HAL_RCC_GetPCLK1Freq  stm32f4xx_hal_rcc.o
    0x080010f8   0x00000020   Code   RO         2065    i.HAL_RCC_GetPCLK2Freq  stm32f4xx_hal_rcc.o
    0x08001118   0x000000b0   Code   RO         2066    i.HAL_RCC_GetSysClockFreq  stm32f4xx_hal_rcc.o
    0x080011c8   0x00000448   Code   RO         2069    i.HAL_RCC_OscConfig  stm32f4xx_hal_rcc.o
    0x08001610   0x00000028   Code   RO         3279    i.HAL_SYSTICK_CLKSourceConfig  stm32f4xx_hal_cortex.o
    0x08001638   0x00000002   Code   RO         3280    i.HAL_SYSTICK_Callback  stm32f4xx_hal_cortex.o
    0x0800163a   0x00000034   Code   RO         3281    i.HAL_SYSTICK_Config  stm32f4xx_hal_cortex.o
    0x0800166e   0x00000008   Code   RO         3282    i.HAL_SYSTICK_IRQHandler  stm32f4xx_hal_cortex.o
    0x08001676   0x00000002   Code   RO         2942    i.HAL_TIMEx_BreakCallback  stm32f4xx_hal_tim_ex.o
    0x08001678   0x00000002   Code   RO         2943    i.HAL_TIMEx_CommutationCallback  stm32f4xx_hal_tim_ex.o
    0x0800167a   0x00000062   Code   RO         2959    i.HAL_TIMEx_MasterConfigSynchronization  stm32f4xx_hal_tim_ex.o
    0x080016dc   0x00000034   Code   RO         3554    i.HAL_TIM_Base_Init  stm32f4xx_hal_tim.o
    0x08001710   0x00000084   Code   RO         1578    i.HAL_TIM_Base_MspInit  tim.o
    0x08001794   0x0000001e   Code   RO         3559    i.HAL_TIM_Base_Start_IT  stm32f4xx_hal_tim.o
    0x080017b2   0x00000038   Code   RO         3562    i.HAL_TIM_Base_Stop_IT  stm32f4xx_hal_tim.o
    0x080017ea   0x00000132   Code   RO         3563    i.HAL_TIM_ConfigClockSource  stm32f4xx_hal_tim.o
    0x0800191c   0x00000002   Code   RO         3583    i.HAL_TIM_IC_CaptureCallback  stm32f4xx_hal_tim.o
    0x0800191e   0x00000196   Code   RO         3596    i.HAL_TIM_IRQHandler  stm32f4xx_hal_tim.o
    0x08001ab4   0x00000002   Code   RO         3599    i.HAL_TIM_OC_DelayElapsedCallback  stm32f4xx_hal_tim.o
    0x08001ab6   0x00000002   Code   RO         3626    i.HAL_TIM_PWM_PulseFinishedCallback  stm32f4xx_hal_tim.o
    0x08001ab8   0x00000024   Code   RO         1579    i.HAL_TIM_PeriodElapsedCallback  tim.o
    0x08001adc   0x00000002   Code   RO         3637    i.HAL_TIM_TriggerCallback  stm32f4xx_hal_tim.o
    0x08001ade   0x00000072   Code   RO         2453    i.HAL_UART_Init     stm32f4xx_hal_uart.o
    0x08001b50   0x0000006c   Code   RO         1488    i.HAL_UART_MspInit  usart.o
    0x08001bbc   0x00000004   Code   RO         1633    i.HardFault_Handler  stm32f4xx_it.o
    0x08001bc0   0x000000b4   Code   RO         1553    i.MX_GPIO_Init      gpio.o
    0x08001c74   0x00000078   Code   RO         1580    i.MX_TIM3_Init      tim.o
    0x08001cec   0x00000078   Code   RO         1581    i.MX_TIM4_Init      tim.o
    0x08001d64   0x0000004c   Code   RO         1489    i.MX_USART1_UART_Init  usart.o
    0x08001db0   0x00000004   Code   RO         1634    i.MemManage_Handler  stm32f4xx_it.o
    0x08001db4   0x00000002   Code   RO         1635    i.NMI_Handler       stm32f4xx_it.o
    0x08001db6   0x00000002   PAD
    0x08001db8   0x00000010   Code   RO         3283    i.NVIC_GetPriorityGrouping  stm32f4xx_hal_cortex.o
    0x08001dc8   0x00000028   Code   RO         3284    i.NVIC_SetPriority  stm32f4xx_hal_cortex.o
    0x08001df0   0x00000002   Code   RO         1636    i.PendSV_Handler    stm32f4xx_it.o
    0x08001df2   0x00000002   PAD
    0x08001df4   0x00000138   Code   RO          956    i.SERIAL_RX_int_service  serial.o
    0x08001f2c   0x00000078   Code   RO          957    i.SERIAL_UDRE_int_service  serial.o
    0x08001fa4   0x00000002   Code   RO         1637    i.SVC_Handler       stm32f4xx_it.o
    0x08001fa6   0x0000000c   Code   RO         1638    i.SysTick_Handler   stm32f4xx_it.o
    0x08001fb2   0x00000002   PAD
    0x08001fb4   0x000000ec   Code   RO         1447    i.SystemClock_Config  main.o
    0x080020a0   0x00000064   Code   RO         1764    i.SystemInit        system_stm32f4xx.o
    0x08002104   0x00000010   Code   RO         1639    i.TIM3_IRQHandler   stm32f4xx_it.o
    0x08002114   0x00000010   Code   RO         1640    i.TIM4_IRQHandler   stm32f4xx_it.o
    0x08002124   0x00000054   Code   RO         1207    i.TIMER0_OVF_vect   stepper.o
    0x08002178   0x00000308   Code   RO         1208    i.TIMER1_COMPA_vect  stepper.o
    0x08002480   0x000000e4   Code   RO         3638    i.TIM_Base_SetConfig  stm32f4xx_hal_tim.o
    0x08002564   0x00000018   Code   RO         3645    i.TIM_ETR_SetConfig  stm32f4xx_hal_tim.o
    0x0800257c   0x00000014   Code   RO         3646    i.TIM_ITRx_SetConfig  stm32f4xx_hal_tim.o
    0x08002590   0x0000002a   Code   RO         3652    i.TIM_TI1_ConfigInputStage  stm32f4xx_hal_tim.o
    0x080025ba   0x0000002c   Code   RO         3654    i.TIM_TI2_ConfigInputStage  stm32f4xx_hal_tim.o
    0x080025e6   0x00000002   PAD
    0x080025e8   0x00000368   Code   RO         2480    i.UART_SetConfig    stm32f4xx_hal_uart.o
    0x08002950   0x0000003c   Code   RO         1641    i.USART1_IRQHandler  stm32f4xx_it.o
    0x0800298c   0x00000004   Code   RO         1642    i.UsageFault_Handler  stm32f4xx_it.o
    0x08002990   0x00000004   Code   RO         1448    i._Error_Handler    main.o
    0x08002994   0x00000030   Code   RO         4418    i.__ARM_fpclassify  m_wm.l(fpclassify.o)
    0x080029c4   0x00000004   PAD
    0x080029c8   0x000002d8   Code   RO         4333    i.__hardfp_atan     m_wm.l(atan.o)
    0x08002ca0   0x000001f0   Code   RO         4190    i.__hardfp_atan2    m_wm.l(atan2.o)
    0x08002e90   0x00000118   Code   RO         4202    i.__hardfp_ceil     m_wm.l(ceil.o)
    0x08002fa8   0x000000c8   Code   RO         4208    i.__hardfp_cos      m_wm.l(cos.o)
    0x08003070   0x00000014   Code   RO         4220    i.__hardfp_fabs     m_wm.l(fabs.o)
    0x08003084   0x00000004   PAD
    0x08003088   0x00000118   Code   RO         4226    i.__hardfp_floor    m_wm.l(floor.o)
    0x080031a0   0x00000100   Code   RO         4264    i.__hardfp_lround   m_wm.l(lround.o)
    0x080032a0   0x000000e0   Code   RO         4232    i.__hardfp_round    m_wm.l(round.o)
    0x08003380   0x000000c8   Code   RO         4236    i.__hardfp_sin      m_wm.l(sin.o)
    0x08003448   0x0000007a   Code   RO         4248    i.__hardfp_sqrt     m_wm.l(sqrt.o)
    0x080034c2   0x00000006   PAD
    0x080034c8   0x000000b0   Code   RO         4260    i.__hardfp_trunc    m_wm.l(trunc.o)
    0x08003578   0x00000438   Code   RO         4365    i.__ieee754_rem_pio2  m_wm.l(rred.o)
    0x080039b0   0x00000170   Code   RO         4347    i.__kernel_cos      m_wm.l(cos_i.o)
    0x08003b20   0x000000f8   Code   RO         4420    i.__kernel_poly     m_wm.l(poly.o)
    0x08003c18   0x00000130   Code   RO         4370    i.__kernel_sin      m_wm.l(sin_i.o)
    0x08003d48   0x00000014   Code   RO         4351    i.__mathlib_dbl_infnan  m_wm.l(dunder.o)
    0x08003d5c   0x00000014   Code   RO         4352    i.__mathlib_dbl_infnan2  m_wm.l(dunder.o)
    0x08003d70   0x00000020   Code   RO         4353    i.__mathlib_dbl_invalid  m_wm.l(dunder.o)
    0x08003d90   0x00000020   Code   RO         4356    i.__mathlib_dbl_underflow  m_wm.l(dunder.o)
    0x08003db0   0x0000000e   Code   RO         4428    i.__scatterload_copy  mc_w.l(handlers.o)
    0x08003dbe   0x00000002   Code   RO         4429    i.__scatterload_null  mc_w.l(handlers.o)
    0x08003dc0   0x0000000e   Code   RO         4430    i.__scatterload_zeroinit  mc_w.l(handlers.o)
    0x08003dce   0x00000002   PAD
    0x08003dd0   0x0000000c   Code   RO         4400    i.__set_errno       mc_w.l(errno.o)
    0x08003ddc   0x00000018   Code   RO         1725    i._delay_ms         delay.o
    0x08003df4   0x00000048   Code   RO         1726    i._delay_us         delay.o
    0x08003e3c   0x00000010   Code   RO         4335    i.atan              m_wm.l(atan.o)
    0x08003e4c   0x000000ac   Code   RO          454    i.convert_delta_vector_to_unit_vector  nuts_bolts.o
    0x08003ef8   0x00000004   Code   RO          222    i.coolant_get_state  coolant_control.o
    0x08003efc   0x00000008   Code   RO          223    i.coolant_init      coolant_control.o
    0x08003f04   0x00000018   Code   RO          224    i.coolant_set_state  coolant_control.o
    0x08003f1c   0x00000002   Code   RO          225    i.coolant_stop      coolant_control.o
    0x08003f1e   0x00000002   PAD
    0x08003f20   0x00000020   Code   RO          226    i.coolant_sync      coolant_control.o
    0x08003f40   0x0000000c   Code   RO         1727    i.delay_init        delay.o
    0x08003f4c   0x00000018   Code   RO          455    i.delay_ms          nuts_bolts.o
    0x08003f64   0x00000080   Code   RO          456    i.delay_sec         nuts_bolts.o
    0x08003fe4   0x00000006   Code   RO          271    i.eeprom_get_char   eeprom.o
    0x08003fea   0x0000000a   Code   RO          272    i.eeprom_put_char   eeprom.o
    0x08003ff4   0x00000018   Code   RO         4222    i.fabs              m_wm.l(fabs.o)
    0x0800400c   0x00001364   Code   RO          304    i.gc_execute_line   gcode.o
    0x08005370   0x00000024   Code   RO          305    i.gc_init           gcode.o
    0x08005394   0x00000014   Code   RO          306    i.gc_sync_position  gcode.o
    0x080053a8   0x00000014   Code   RO         1036    i.get_direction_pin_mask  settings.o
    0x080053bc   0x00000014   Code   RO         1038    i.get_step_pin_mask  settings.o
    0x080053d0   0x000000c0   Code   RO           13    i.grbl_main         grbl_main.o
    0x08005490   0x0000004a   Code   RO          458    i.hypot_f           nuts_bolts.o
    0x080054da   0x00000002   PAD
    0x080054dc   0x00000060   Code   RO         1423    i.jog_execute       jog.o
    0x0800553c   0x000000e0   Code   RO          459    i.limit_value_by_axis_maximum  nuts_bolts.o
    0x0800561c   0x00000002   Code   RO          347    i.limits_disable    limits.o
    0x0800561e   0x00000004   Code   RO          348    i.limits_get_state  limits.o
    0x08005622   0x00000002   PAD
    0x08005624   0x00000334   Code   RO          349    i.limits_go_home    limits.o
    0x08005958   0x00000002   Code   RO          350    i.limits_init       limits.o
    0x0800595a   0x00000002   PAD
    0x0800595c   0x0000004c   Code   RO          351    i.limits_soft_check  limits.o
    0x080059a8   0x0000002e   Code   RO         1449    i.main              main.o
    0x080059d6   0x00000002   PAD
    0x080059d8   0x0000039c   Code   RO          400    i.mc_arc            motion_control.o
    0x08005d74   0x00000030   Code   RO          401    i.mc_dwell          motion_control.o
    0x08005da4   0x00000034   Code   RO          402    i.mc_homing_cycle   motion_control.o
    0x08005dd8   0x00000084   Code   RO          403    i.mc_line           motion_control.o
    0x08005e5c   0x000000e0   Code   RO          404    i.mc_probe_cycle    motion_control.o
    0x08005f3c   0x0000005c   Code   RO          405    i.mc_reset          motion_control.o
    0x08005f98   0x00000046   Code   RO          273    i.memcpy_from_eeprom_with_checksum  eeprom.o
    0x08005fde   0x0000003e   Code   RO          274    i.memcpy_to_eeprom_with_checksum  eeprom.o
    0x0800601c   0x0000034c   Code   RO          514    i.plan_buffer_line  planner.o
    0x08006368   0x0000001c   Code   RO          515    i.plan_check_full_buffer  planner.o
    0x08006384   0x000000dc   Code   RO          516    i.plan_compute_profile_nominal_speed  planner.o
    0x08006460   0x00000038   Code   RO          517    i.plan_compute_profile_parameters  planner.o
    0x08006498   0x0000001c   Code   RO          518    i.plan_cycle_reinitialize  planner.o
    0x080064b4   0x0000003c   Code   RO          519    i.plan_discard_current_block  planner.o
    0x080064f0   0x00000038   Code   RO          520    i.plan_get_block_buffer_available  planner.o
    0x08006528   0x00000030   Code   RO          522    i.plan_get_current_block  planner.o
    0x08006558   0x00000040   Code   RO          523    i.plan_get_exec_block_exit_speed_sqr  planner.o
    0x08006598   0x0000001c   Code   RO          524    i.plan_get_system_motion_block  planner.o
    0x080065b4   0x0000000c   Code   RO          525    i.plan_next_block_index  planner.o
    0x080065c0   0x0000000a   Code   RO          526    i.plan_prev_block_index  planner.o
    0x080065ca   0x00000002   PAD
    0x080065cc   0x00000014   Code   RO          527    i.plan_reset        planner.o
    0x080065e0   0x00000028   Code   RO          528    i.plan_reset_buffer  planner.o
    0x08006608   0x00000024   Code   RO          529    i.plan_sync_position  planner.o
    0x0800662c   0x00000070   Code   RO          530    i.plan_update_velocity_profile_parameters  planner.o
    0x0800669c   0x000001b0   Code   RO          531    i.planner_recalculate  planner.o
    0x0800684c   0x000000d0   Code   RO          640    i.printFloat        print.o
    0x0800691c   0x00000044   Code   RO          641    i.printFloat_CoordValue  print.o
    0x08006960   0x00000044   Code   RO          642    i.printFloat_RateValue  print.o
    0x080069a4   0x00000016   Code   RO          644    i.printPgmString    print.o
    0x080069ba   0x00000016   Code   RO          645    i.printString       print.o
    0x080069d0   0x00000058   Code   RO          647    i.print_uint8_base10  print.o
    0x08006a28   0x00000034   Code   RO          712    i.probe_configure_invert_mask  probe.o
    0x08006a5c   0x00000004   Code   RO          713    i.probe_get_state   probe.o
    0x08006a60   0x0000000a   Code   RO          714    i.probe_init        probe.o
    0x08006a6a   0x00000002   PAD
    0x08006a6c   0x00000034   Code   RO          715    i.probe_state_monitor  probe.o
    0x08006aa0   0x00000010   Code   RO          757    i.protocol_auto_cycle_start  protocol.o
    0x08006ab0   0x0000002c   Code   RO          758    i.protocol_buffer_synchronize  protocol.o
    0x08006adc   0x0000024c   Code   RO          759    i.protocol_exec_rt_suspend  protocol.o
    0x08006d28   0x00000494   Code   RO          760    i.protocol_exec_rt_system  protocol.o
    0x080071bc   0x00000018   Code   RO          761    i.protocol_execute_realtime  protocol.o
    0x080071d4   0x00000180   Code   RO          762    i.protocol_main_loop  protocol.o
    0x08007354   0x000000fc   Code   RO          460    i.read_float        nuts_bolts.o
    0x08007450   0x0000002c   Code   RO         1039    i.read_global_settings  settings.o
    0x0800747c   0x00000028   Code   RO          812    i.report_alarm_message  report.o
    0x080074a4   0x0000005c   Code   RO          813    i.report_build_info  report.o
    0x08007500   0x00000020   Code   RO          815    i.report_execute_startup_message  report.o
    0x08007520   0x00000130   Code   RO          816    i.report_feedback_message  report.o
    0x08007650   0x00000154   Code   RO          817    i.report_gcode_modes  report.o
    0x080077a4   0x00000010   Code   RO          818    i.report_grbl_help  report.o
    0x080077b4   0x00000214   Code   RO          819    i.report_grbl_settings  report.o
    0x080079c8   0x0000002c   Code   RO          820    i.report_init_message  report.o
    0x080079f4   0x000000b0   Code   RO          821    i.report_ngc_parameters  report.o
    0x08007aa4   0x0000003c   Code   RO          822    i.report_probe_parameters  report.o
    0x08007ae0   0x000003fc   Code   RO          823    i.report_realtime_status  report.o
    0x08007edc   0x00000028   Code   RO          824    i.report_startup_line  report.o
    0x08007f04   0x00000034   Code   RO          825    i.report_status_message  report.o
    0x08007f38   0x0000002c   Code   RO          826    i.report_util_axis_values  report.o
    0x08007f64   0x0000000e   Code   RO          827    i.report_util_feedback_line_feed  report.o
    0x08007f72   0x00000028   Code   RO          828    i.report_util_float_setting  report.o
    0x08007f9a   0x00000002   PAD
    0x08007f9c   0x00000010   Code   RO          829    i.report_util_gcode_modes_G  report.o
    0x08007fac   0x00000010   Code   RO          830    i.report_util_gcode_modes_M  report.o
    0x08007fbc   0x00000010   Code   RO          831    i.report_util_line_feed  report.o
    0x08007fcc   0x00000018   Code   RO          832    i.report_util_setting_prefix  report.o
    0x08007fe4   0x00000018   Code   RO          833    i.report_util_uint8_setting  report.o
    0x08007ffc   0x00000030   Code   RO          958    i.serial_get_rx_buffer_available  serial.o
    0x0800802c   0x00000018   Code   RO          961    i.serial_init       serial.o
    0x08008044   0x00000034   Code   RO          962    i.serial_read       serial.o
    0x08008078   0x00000014   Code   RO          963    i.serial_reset_read_buffer  serial.o
    0x0800808c   0x0000005c   Code   RO          964    i.serial_write      serial.o
    0x080080e8   0x0000001a   Code   RO         1040    i.settings_init     settings.o
    0x08008102   0x00000024   Code   RO         1041    i.settings_read_build_info  settings.o
    0x08008126   0x00000036   Code   RO         1042    i.settings_read_coord_data  settings.o
    0x0800815c   0x00000032   Code   RO         1043    i.settings_read_startup_line  settings.o
    0x0800818e   0x00000002   PAD
    0x08008190   0x00000090   Code   RO         1044    i.settings_restore  settings.o
    0x08008220   0x00000012   Code   RO         1045    i.settings_store_build_info  settings.o
    0x08008232   0x00000002   PAD
    0x08008234   0x00000300   Code   RO         1046    i.settings_store_global_setting  settings.o
    0x08008534   0x00000022   Code   RO         1047    i.settings_store_startup_line  settings.o
    0x08008556   0x00000022   Code   RO         1048    i.settings_write_coord_data  settings.o
    0x08008578   0x0000010c   Code   RO         1145    i.spindle_compute_pwm_value  spindle_control.o
    0x08008684   0x00000004   Code   RO         1146    i.spindle_get_state  spindle_control.o
    0x08008688   0x00000008   Code   RO         1147    i.spindle_init      spindle_control.o
    0x08008690   0x00000002   Code   RO         1148    i.spindle_set_speed  spindle_control.o
    0x08008692   0x00000002   PAD
    0x08008694   0x0000000c   Code   RO         1149    i.spindle_set_state  spindle_control.o
    0x080086a0   0x00000002   Code   RO         1150    i.spindle_stop      spindle_control.o
    0x080086a2   0x00000002   PAD
    0x080086a4   0x00000030   Code   RO         1151    i.spindle_sync      spindle_control.o
    0x080086d4   0x00000064   Code   RO         1209    i.st_generate_step_dir_invert_masks  stepper.o
    0x08008738   0x00000024   Code   RO         1210    i.st_get_realtime_rate  stepper.o
    0x0800875c   0x000000ac   Code   RO         1211    i.st_go_idle        stepper.o
    0x08008808   0x00000012   Code   RO         1212    i.st_next_block_index  stepper.o
    0x0800881a   0x00000002   PAD
    0x0800881c   0x000009d0   Code   RO         1213    i.st_prep_buffer    stepper.o
    0x080091ec   0x000000d8   Code   RO         1214    i.st_reset          stepper.o
    0x080092c4   0x00000034   Code   RO         1215    i.st_update_plan_block_parameters  stepper.o
    0x080092f8   0x00000080   Code   RO         1216    i.st_wake_up        stepper.o
    0x08009378   0x00000002   Code   RO         1217    i.stepper_init      stepper.o
    0x0800937a   0x00000004   Code   RO         1298    i.system_check_safety_door_ajar  system.o
    0x0800937e   0x00000002   PAD
    0x08009380   0x00000048   Code   RO         1299    i.system_check_travel_limits  system.o
    0x080093c8   0x00000010   Code   RO         1300    i.system_clear_exec_accessory_overrides  system.o
    0x080093d8   0x00000010   Code   RO         1301    i.system_clear_exec_alarm  system.o
    0x080093e8   0x00000010   Code   RO         1302    i.system_clear_exec_motion_overrides  system.o
    0x080093f8   0x00000014   Code   RO         1303    i.system_clear_exec_state_flag  system.o
    0x0800940c   0x00000004   Code   RO         1304    i.system_control_get_state  system.o
    0x08009410   0x00000024   Code   RO         1305    i.system_convert_array_steps_to_mpos  system.o
    0x08009434   0x00000024   Code   RO         1306    i.system_convert_axis_steps_to_mpos  system.o
    0x08009458   0x0000037c   Code   RO         1307    i.system_execute_line  system.o
    0x080097d4   0x00000040   Code   RO         1308    i.system_execute_startup  system.o
    0x08009814   0x00000014   Code   RO         1309    i.system_flag_wco_change  system.o
    0x08009828   0x00000002   Code   RO         1310    i.system_init       system.o
    0x0800982a   0x00000002   PAD
    0x0800982c   0x00000014   Code   RO         1311    i.system_set_exec_accessory_override_flag  system.o
    0x08009840   0x00000010   Code   RO         1312    i.system_set_exec_alarm  system.o
    0x08009850   0x00000014   Code   RO         1313    i.system_set_exec_motion_override_flag  system.o
    0x08009864   0x00000014   Code   RO         1314    i.system_set_exec_state_flag  system.o
    0x08009878   0x0000001c   Code   RO         1049    i.write_global_settings  settings.o
    0x08009894   0x0000005c   Data   RO         1051    .constdata          settings.o
    0x080098f0   0x00000018   Data   RO         1765    .constdata          system_stm32f4xx.o
    0x08009908   0x00000098   Data   RO         4336    .constdata          m_wm.l(atan.o)
    0x080099a0   0x00000030   Data   RO         4348    .constdata          m_wm.l(cos_i.o)
    0x080099d0   0x00000008   Data   RO         4364    .constdata          m_wm.l(qnan.o)
    0x080099d8   0x000000c8   Data   RO         4367    .constdata          m_wm.l(rred.o)
    0x08009aa0   0x00000028   Data   RO         4371    .constdata          m_wm.l(sin_i.o)
    0x08009ac8   0x0000004a   Data   RO          834    .conststring        report.o
    0x08009b12   0x00000002   PAD
    0x08009b14   0x00000020   Data   RO         4426    Region$$Table       anon$$obj.o


    Execution Region RW_IRAM1 (Base: 0x20000000, Size: 0x00000b90, Max: 0x00030000, ABSOLUTE)

    Base Addr    Size         Type   Attr      Idx    E Section Name        Object

    0x20000000   0x00000005   Data   RW           15    .data               grbl_main.o
    0x20000005   0x00000004   Data   RW          533    .data               planner.o
    0x20000009   0x00000001   Data   RW          716    .data               probe.o
    0x2000000a   0x00000004   Data   RW          966    .data               serial.o
    0x2000000e   0x00000002   PAD
    0x20000010   0x00000004   Data   RW         1152    .data               spindle_control.o
    0x20000014   0x00000010   Data   RW         1219    .data               stepper.o
    0x20000024   0x00000004   Data   RW         1728    .data               delay.o
    0x20000028   0x00000004   Data   RW         1766    .data               system_stm32f4xx.o
    0x2000002c   0x00000009   Data   RW         2786    .data               stm32f4xx_hal.o
    0x20000035   0x00000003   PAD
    0x20000038   0x00000004   Data   RW         4401    .data               mc_w.l(errno.o)
    0x2000003c   0x0000002c   Zero   RW           14    .bss                grbl_main.o
    0x20000068   0x00000084   Zero   RW          307    .bss                gcode.o
    0x200000ec   0x0000035c   Zero   RW          532    .bss                planner.o
    0x20000448   0x00000050   Zero   RW          763    .bss                protocol.o
    0x20000498   0x000000ea   Zero   RW          965    .bss                serial.o
    0x20000582   0x00000002   PAD
    0x20000584   0x0000005c   Zero   RW         1050    .bss                settings.o
    0x200005e0   0x000000f4   Zero   RW         1218    .bss                stepper.o
    0x200006d4   0x00000040   Zero   RW         1490    .bss                usart.o
    0x20000714   0x00000078   Zero   RW         1582    .bss                tim.o
    0x2000078c   0x00000004   PAD
    0x20000790   0x00000400   Zero   RW            1    STACK               startup_stm32f427xx.o


==============================================================================

Image component sizes


      Code (inc. data)   RO Data    RW Data    ZI Data      Debug   Object Name

        70         10          0          0          0       2513   coolant_control.o
       108         10          0          4          0       1821   delay.o
       148          0          0          0          0       2788   eeprom.o
      5020        126          0          0        132       9783   gcode.o
       180         12          0          0          0        923   gpio.o
       192         36          0          5         44     736840   grbl_main.o
        96          8          0          0          0        914   jog.o
       904         30          0          0          0       4003   limits.o
       286         24          0          0          0       2089   main.o
      1472         74          0          0          0       5644   motion_control.o
       874         24          0          0          0       5090   nuts_bolts.o
      2094        210          0          4        860      11547   planner.o
       476         24          0          0          0       3784   print.o
       118         24          0          1          0       2179   probe.o
      2228         80          0          0         80       5837   protocol.o
      2942        536         74          0          0      12785   report.o
       668        130          0          4        234       4909   serial.o
      1276         64         92          0         92      11132   settings.o
       344         38          0          4          0       4097   spindle_control.o
        36          8        428          0       1024        836   startup_stm32f427xx.o
      4096        290          0         16        244      10264   stepper.o
       212         36          0          9          0       4573   stm32f4xx_hal.o
       348         22          0          0          0      32621   stm32f4xx_hal_cortex.o
       560         54          0          0          0       2941   stm32f4xx_hal_gpio.o
        86          0          0          0          0        510   stm32f4xx_hal_msp.o
       140         12          0          0          0       1280   stm32f4xx_hal_pwr_ex.o
      1732         84          0          0          0       5540   stm32f4xx_hal_rcc.o
      1216         44          0          0          0      10098   stm32f4xx_hal_tim.o
       102          0          0          0          0       2338   stm32f4xx_hal_tim_ex.o
       986          8          0          0          0       1836   stm32f4xx_hal_uart.o
       128         20          0          0          0       5606   stm32f4xx_it.o
      1274         62          0          0          0      10295   system.o
       100         18         24          4          0       1155   system_stm32f4xx.o
       408         72          0          0        120       2875   tim.o
       184         38          0          0         64       1626   usart.o

    ----------------------------------------------------------------------
     31142       2228        652         56       2900     923072   Object Totals
         0          0         32          0          0          0   (incl. Generated)
        38          0          2          5          6          0   (incl. Padding)

    ----------------------------------------------------------------------

      Code (inc. data)   RO Data    RW Data    ZI Data      Debug   Library Member Name

       744        106        152          0          0        352   atan.o
       496         64          0          0          0        192   atan2.o
       280         28          0          0          0        156   ceil.o
       200         20          0          0          0        164   cos.o
       368         46         48          0          0        200   cos_i.o
       104         16          0          0          0        496   dunder.o
        44          0          0          0          0        248   fabs.o
       280         28          0          0          0        156   floor.o
        48          0          0          0          0        124   fpclassify.o
       256         46          0          0          0        172   lround.o
       248          0          0          0          0        152   poly.o
         0          0          8          0          0          0   qnan.o
       224         30          0          0          0        172   round.o
      1080        142        200          0          0        188   rred.o
       200         20          0          0          0        164   sin.o
       304         24         40          0          0        208   sin_i.o
       122          0          0          0          0        148   sqrt.o
       176         22          0          0          0        156   trunc.o
         0          0          0          0          0          0   entry.o
         0          0          0          0          0          0   entry10a.o
         0          0          0          0          0          0   entry11a.o
         8          4          0          0          0          0   entry2.o
         4          0          0          0          0          0   entry5.o
         0          0          0          0          0          0   entry7b.o
         0          0          0          0          0          0   entry8b.o
         8          4          0          0          0          0   entry9a.o
        12          6          0          4          0         68   errno.o
        30          0          0          0          0          0   handlers.o
        36          8          0          0          0         68   init.o
         0          0          0          0          0          0   iusefp.o
        30          0          0          0          0         68   llshl.o
        36          0          0          0          0         68   llsshr.o
        32          0          0          0          0         68   llushr.o
        26          0          0          0          0         80   memcmp.o
        36          0          0          0          0         68   memcpya.o
        36          0          0          0          0        108   memseta.o
        98          0          0          0          0         92   uldiv.o
        48          0          0          0          0         68   cdcmple.o
        48          0          0          0          0         68   cdrcmple.o
        56          0          0          0          0         88   d2f.o
       334          0          0          0          0        148   dadd.o
       222          0          0          0          0        100   ddiv.o
       186          0          0          0          0        176   depilogue.o
        62          0          0          0          0         80   dfixi.o
       168          0          0          0          0         88   dfixir.o
        50          0          0          0          0         76   dfixui.o
        34          0          0          0          0         76   dflti.o
        26          0          0          0          0         76   dfltui.o
       228          0          0          0          0         96   dmul.o
       136          4          0          0          0         92   drnd.o
       162          0          0          0          0        100   dsqrt.o
        38          0          0          0          0         68   f2d.o
       110          0          0          0          0        168   fepilogue.o

    ----------------------------------------------------------------------
      7490        618        448          4          0       5704   Library Totals
        16          0          0          0          0          0   (incl. Padding)

    ----------------------------------------------------------------------

      Code (inc. data)   RO Data    RW Data    ZI Data      Debug   Library Name

      5174        592        448          0          0       3448   m_wm.l
       392         22          0          4          0        688   mc_w.l
      1908          4          0          0          0       1568   mf_w.l

    ----------------------------------------------------------------------
      7490        618        448          4          0       5704   Library Totals

    ----------------------------------------------------------------------

==============================================================================


      Code (inc. data)   RO Data    RW Data    ZI Data      Debug   

     38632       2846       1100         60       2900     905836   Grand Totals
     38632       2846       1100         60       2900     905836   ELF Image Totals
     38632       2846       1100         60          0          0   ROM Totals

==============================================================================

    Total RO  Size (Code + RO Data)                39732 (  38.80kB)
    Total RW  Size (RW Data + ZI Data)              2960 (   2.89kB)
    Total ROM Size (Code + RO Data + RW Data)      39792 (  38.86kB)

==============================================================================

